// Jest Snapshot v1, https://goo.gl/fbAQLP

exports[`synth path (no AI execution_items) — golden master produces a deterministic result envelope and persisted rows: persisted-rows 1`] = `
[
  {
    "ai_generated": true,
    "asset_type": null,
    "brand_voice": "clear, practical, outcome-driven",
    "campaign_id": "camp-1",
    "content": {
      "briefSummary": "Why Topic Alpha matters for retail marketers: Build awareness",
      "brief_summary": "Why Topic Alpha matters for retail marketers: Build awareness",
      "contentGuidance": {
        "maxWordTarget": 800,
        "platformWithHighestLimit": "linkedin",
        "primaryFormat": "long-form social post",
      },
      "contentType": "post",
      "content_type": "post",
      "creator_card": {
        "hashtags": [
          "WhyTopicAlphaMattersForRetailMarketers",
          "SocialMedia",
          "Marketing",
          "B2BMarketing",
          "GrowthStrategy",
          "BuildAwareness",
        ],
        "hook": "Everyone talks about Why Topic Alpha matters for retail marketers. Almost nobody does it right.",
        "instructions_for_creator": "Objective: Build awareness
Brief: Why Topic Alpha matters for retail marketers: Build awareness
Audience: retail marketers
CTA: Engage
Tone: clear, practical, outcome-driven
Opening hook: Everyone talks about Why Topic Alpha matters for retail marketers. Almost nobody does it right.
SEO focus: Thought leadership on "Why Topic Alpha matters for retail marketers" — target informational + branded queries
Key points to cover:
  1. Why Why Topic Alpha matters for retail marketers matters now and what changed in the market
  2. The most common mistakes when approaching Why Topic Alpha matters for retail marketers
  3. A proven framework for Why Topic Alpha matters for retail marketers that drives results
  4. How to measure success and iterate on your Why Topic Alpha matters for retail marketers strategy
  5. One actionable takeaway you can apply this week
Repurpose as:
  • Expand into a long-form article with research and examples
  • Turn into a visual carousel with one point per slide
  • Adapt as a poll to gauge audience opinion on Why Topic Alpha matters for retail marketers
  • Record a 30-second video version for Reels",
        "intent": {
          "brief_summary": "Why Topic Alpha matters for retail marketers: Build awareness",
          "cta_type": "Engage",
          "narrative_style": "clear, practical, outcome-driven",
          "objective": "Build awareness",
          "outcome_promise": "Reader understands Why Topic Alpha matters for retail marketers, why it matters now, and the next concrete step to take.",
          "pain_point": "Uncertainty about Why Topic Alpha matters for retail marketers and how to approach it effectively",
          "strategic_role": "",
          "target_audience": "retail marketers",
        },
        "key_points": [
          "Why Why Topic Alpha matters for retail marketers matters now and what changed in the market",
          "The most common mistakes when approaching Why Topic Alpha matters for retail marketers",
          "A proven framework for Why Topic Alpha matters for retail marketers that drives results",
          "How to measure success and iterate on your Why Topic Alpha matters for retail marketers strategy",
          "One actionable takeaway you can apply this week",
        ],
        "keywords": [
          "topic",
          "alpha",
          "matters",
          "retail",
          "marketers",
          "build",
          "awareness",
          "why topic",
          "topic alpha",
          "alpha matters",
        ],
        "mode": "explicit_creator_control",
        "objective": "Build awareness",
        "repurpose_angles": [
          "Expand into a long-form article with research and examples",
          "Turn into a visual carousel with one point per slide",
          "Adapt as a poll to gauge audience opinion on Why Topic Alpha matters for retail marketers",
          "Record a 30-second video version for Reels",
        ],
        "seo_focus": "Thought leadership on "Why Topic Alpha matters for retail marketers" — target informational + branded queries",
        "summary": "Why Topic Alpha matters for retail marketers: Build awareness",
        "target_audience": "retail marketers",
        "theme": "Launch",
      },
      "ctaType": "Engage",
      "cta_type": "Engage",
      "dailyObjective": "Build awareness",
      "dayIndex": 1,
      "desiredAction": "Engage",
      "globalProgressionIndex": 1,
      "global_progression_index": 1,
      "kpiTarget": "Reach growth",
      "narrativeStyle": "clear, practical, outcome-driven",
      "objective": "Build awareness",
      "platform": "linkedin",
      "platformTargets": [
        "linkedin",
      ],
      "target_audience": "retail marketers",
      "topic": "Why Topic Alpha matters for retail marketers",
      "topicReference": "w1.t1",
      "topicTitle": "Why Topic Alpha matters for retail marketers",
      "weekNumber": 1,
      "whatProblemAreWeAddressing": "Uncertainty about Why Topic Alpha matters for retail marketers and how to approach it effectively",
      "whatShouldReaderLearn": "Reader understands Why Topic Alpha matters for retail marketers, why it matters now, and the next concrete step to take.",
      "whoAreWeWritingFor": "retail marketers",
      "writerBrief": {
        "brief_summary": "Why Topic Alpha matters for retail marketers: Build awareness",
        "cta_type": "Engage",
        "hashtags": [
          "WhyTopicAlphaMattersForRetailMarketers",
          "SocialMedia",
          "Marketing",
          "B2BMarketing",
          "GrowthStrategy",
          "BuildAwareness",
        ],
        "hook": "Everyone talks about Why Topic Alpha matters for retail marketers. Almost nobody does it right.",
        "key_points": [
          "Why Why Topic Alpha matters for retail marketers matters now and what changed in the market",
          "The most common mistakes when approaching Why Topic Alpha matters for retail marketers",
          "A proven framework for Why Topic Alpha matters for retail marketers that drives results",
          "How to measure success and iterate on your Why Topic Alpha matters for retail marketers strategy",
          "One actionable takeaway you can apply this week",
        ],
        "keywords": [
          "topic",
          "alpha",
          "matters",
          "retail",
          "marketers",
          "build",
          "awareness",
          "why topic",
          "topic alpha",
          "alpha matters",
        ],
        "objective": "Build awareness",
        "outcome_promise": "Reader understands Why Topic Alpha matters for retail marketers, why it matters now, and the next concrete step to take.",
        "pain_point": "Uncertainty about Why Topic Alpha matters for retail marketers and how to approach it effectively",
        "repurpose_angles": [
          "Expand into a long-form article with research and examples",
          "Turn into a visual carousel with one point per slide",
          "Adapt as a poll to gauge audience opinion on Why Topic Alpha matters for retail marketers",
          "Record a 30-second video version for Reels",
        ],
        "seo_focus": "Thought leadership on "Why Topic Alpha matters for retail marketers" — target informational + branded queries",
        "target_audience": "retail marketers",
      },
      "writer_brief": {
        "brief_summary": "Why Topic Alpha matters for retail marketers: Build awareness",
        "cta_type": "Engage",
        "hashtags": [
          "WhyTopicAlphaMattersForRetailMarketers",
          "SocialMedia",
          "Marketing",
          "B2BMarketing",
          "GrowthStrategy",
          "BuildAwareness",
        ],
        "hook": "Everyone talks about Why Topic Alpha matters for retail marketers. Almost nobody does it right.",
        "key_points": [
          "Why Why Topic Alpha matters for retail marketers matters now and what changed in the market",
          "The most common mistakes when approaching Why Topic Alpha matters for retail marketers",
          "A proven framework for Why Topic Alpha matters for retail marketers that drives results",
          "How to measure success and iterate on your Why Topic Alpha matters for retail marketers strategy",
          "One actionable takeaway you can apply this week",
        ],
        "keywords": [
          "topic",
          "alpha",
          "matters",
          "retail",
          "marketers",
          "build",
          "awareness",
          "why topic",
          "topic alpha",
          "alpha matters",
        ],
        "objective": "Build awareness",
        "outcome_promise": "Reader understands Why Topic Alpha matters for retail marketers, why it matters now, and the next concrete step to take.",
        "pain_point": "Uncertainty about Why Topic Alpha matters for retail marketers and how to approach it effectively",
        "repurpose_angles": [
          "Expand into a long-form article with research and examples",
          "Turn into a visual carousel with one point per slide",
          "Adapt as a poll to gauge audience opinion on Why Topic Alpha matters for retail marketers",
          "Record a 30-second video version for Reels",
        ],
        "seo_focus": "Thought leadership on "Why Topic Alpha matters for retail marketers" — target informational + branded queries",
        "target_audience": "retail marketers",
      },
      "writingIntent": "Why Topic Alpha matters for retail marketers: Build awareness",
    },
    "content_status": null,
    "content_type": "post",
    "cta": "Engage",
    "date": "2026-07-06",
    "day_of_week": "Monday",
    "failure_reason": null,
    "failure_type": null,
    "format_notes": "long-form social post; max 800 words; highest limit: linkedin",
    "intent_type": "text",
    "intro_objective": "Reader understands Why Topic Alpha matters for retail marketers, why it matters now, and the next concrete step to take.",
    "max_retries": 3,
    "objective": "Build awareness",
    "plan_version": 2,
    "platform": "linkedin",
    "posting_strategy": "Week 1 Day 1 — w1.t1",
    "priority": "medium",
    "retry_count": 0,
    "scheduled_time": "09:00:00",
    "status": "planned",
    "summary": "Uncertainty about Why Topic Alpha matters for retail marketers and how to approach it effectively",
    "target_audience": "retail marketers",
    "template_id": null,
    "title": "Why Topic Alpha matters for retail marketers",
    "topic": "Why Topic Alpha matters for retail marketers",
    "week_number": 1,
  },
  {
    "ai_generated": true,
    "asset_type": null,
    "brand_voice": "clear, practical, outcome-driven",
    "campaign_id": "camp-1",
    "content": {
      "briefSummary": "Common topic beta mistakes retail marketers should avoid: Build awareness",
      "brief_summary": "Common topic beta mistakes retail marketers should avoid: Build awareness",
      "contentGuidance": {
        "maxWordTarget": 800,
        "platformWithHighestLimit": "linkedin",
        "primaryFormat": "long-form social post",
      },
      "contentType": "post",
      "content_type": "post",
      "creator_card": {
        "hashtags": [
          "CommonTopicBetaMistakesRetailMarketersShouldAvoid",
          "SocialMedia",
          "Marketing",
          "B2BMarketing",
          "GrowthStrategy",
          "BuildAwareness",
        ],
        "hook": "Everyone talks about Common topic beta mistakes retail marketers should avoid. Almost nobody does it right.",
        "instructions_for_creator": "Objective: Build awareness
Brief: Common topic beta mistakes retail marketers should avoid: Build awareness
Audience: retail marketers
CTA: Engage
Tone: clear, practical, outcome-driven
Opening hook: Everyone talks about Common topic beta mistakes retail marketers should avoid. Almost nobody does it right.
SEO focus: Thought leadership on "Common topic beta mistakes retail marketers should avoid" — target informational + branded queries
Key points to cover:
  1. Why Common topic beta mistakes retail marketers should avoid matters now and what changed in the market
  2. The most common mistakes when approaching Common topic beta mistakes retail marketers should avoid
  3. A proven framework for Common topic beta mistakes retail marketers should avoid that drives results
  4. How to measure success and iterate on your Common topic beta mistakes retail marketers should avoid strategy
  5. One actionable takeaway you can apply this week
Repurpose as:
  • Expand into a long-form article with research and examples
  • Turn into a visual carousel with one point per slide
  • Adapt as a poll to gauge audience opinion on Common topic beta mistakes retail marketers should avoid
  • Record a 30-second video version for Reels",
        "intent": {
          "brief_summary": "Common topic beta mistakes retail marketers should avoid: Build awareness",
          "cta_type": "Engage",
          "narrative_style": "clear, practical, outcome-driven",
          "objective": "Build awareness",
          "outcome_promise": "Reader understands Common topic beta mistakes retail marketers should avoid, why it matters now, and the next concrete step to take.",
          "pain_point": "Uncertainty about Common topic beta mistakes retail marketers should avoid and how to approach it effectively",
          "strategic_role": "",
          "target_audience": "retail marketers",
        },
        "key_points": [
          "Why Common topic beta mistakes retail marketers should avoid matters now and what changed in the market",
          "The most common mistakes when approaching Common topic beta mistakes retail marketers should avoid",
          "A proven framework for Common topic beta mistakes retail marketers should avoid that drives results",
          "How to measure success and iterate on your Common topic beta mistakes retail marketers should avoid strategy",
          "One actionable takeaway you can apply this week",
        ],
        "keywords": [
          "common",
          "topic",
          "beta",
          "mistakes",
          "retail",
          "marketers",
          "should",
          "avoid",
          "build",
          "awareness",
        ],
        "mode": "explicit_creator_control",
        "objective": "Build awareness",
        "repurpose_angles": [
          "Expand into a long-form article with research and examples",
          "Turn into a visual carousel with one point per slide",
          "Adapt as a poll to gauge audience opinion on Common topic beta mistakes retail marketers should avoid",
          "Record a 30-second video version for Reels",
        ],
        "seo_focus": "Thought leadership on "Common topic beta mistakes retail marketers should avoid" — target informational + branded queries",
        "summary": "Common topic beta mistakes retail marketers should avoid: Build awareness",
        "target_audience": "retail marketers",
        "theme": "Launch",
      },
      "ctaType": "Engage",
      "cta_type": "Engage",
      "dailyObjective": "Build awareness",
      "dayIndex": 1,
      "desiredAction": "Engage",
      "globalProgressionIndex": 2,
      "global_progression_index": 2,
      "kpiTarget": "Reach growth",
      "narrativeStyle": "clear, practical, outcome-driven",
      "objective": "Build awareness",
      "platform": "x",
      "platformTargets": [
        "x",
      ],
      "target_audience": "retail marketers",
      "topic": "Common topic beta mistakes retail marketers should avoid",
      "topicReference": "w1.t1",
      "topicTitle": "Common topic beta mistakes retail marketers should avoid",
      "weekNumber": 1,
      "whatProblemAreWeAddressing": "Uncertainty about Common topic beta mistakes retail marketers should avoid and how to approach it effectively",
      "whatShouldReaderLearn": "Reader understands Common topic beta mistakes retail marketers should avoid, why it matters now, and the next concrete step to take.",
      "whoAreWeWritingFor": "retail marketers",
      "writerBrief": {
        "brief_summary": "Common topic beta mistakes retail marketers should avoid: Build awareness",
        "cta_type": "Engage",
        "hashtags": [
          "CommonTopicBetaMistakesRetailMarketersShouldAvoid",
          "SocialMedia",
          "Marketing",
          "B2BMarketing",
          "GrowthStrategy",
          "BuildAwareness",
        ],
        "hook": "Everyone talks about Common topic beta mistakes retail marketers should avoid. Almost nobody does it right.",
        "key_points": [
          "Why Common topic beta mistakes retail marketers should avoid matters now and what changed in the market",
          "The most common mistakes when approaching Common topic beta mistakes retail marketers should avoid",
          "A proven framework for Common topic beta mistakes retail marketers should avoid that drives results",
          "How to measure success and iterate on your Common topic beta mistakes retail marketers should avoid strategy",
          "One actionable takeaway you can apply this week",
        ],
        "keywords": [
          "common",
          "topic",
          "beta",
          "mistakes",
          "retail",
          "marketers",
          "should",
          "avoid",
          "build",
          "awareness",
        ],
        "objective": "Build awareness",
        "outcome_promise": "Reader understands Common topic beta mistakes retail marketers should avoid, why it matters now, and the next concrete step to take.",
        "pain_point": "Uncertainty about Common topic beta mistakes retail marketers should avoid and how to approach it effectively",
        "repurpose_angles": [
          "Expand into a long-form article with research and examples",
          "Turn into a visual carousel with one point per slide",
          "Adapt as a poll to gauge audience opinion on Common topic beta mistakes retail marketers should avoid",
          "Record a 30-second video version for Reels",
        ],
        "seo_focus": "Thought leadership on "Common topic beta mistakes retail marketers should avoid" — target informational + branded queries",
        "target_audience": "retail marketers",
      },
      "writer_brief": {
        "brief_summary": "Common topic beta mistakes retail marketers should avoid: Build awareness",
        "cta_type": "Engage",
        "hashtags": [
          "CommonTopicBetaMistakesRetailMarketersShouldAvoid",
          "SocialMedia",
          "Marketing",
          "B2BMarketing",
          "GrowthStrategy",
          "BuildAwareness",
        ],
        "hook": "Everyone talks about Common topic beta mistakes retail marketers should avoid. Almost nobody does it right.",
        "key_points": [
          "Why Common topic beta mistakes retail marketers should avoid matters now and what changed in the market",
          "The most common mistakes when approaching Common topic beta mistakes retail marketers should avoid",
          "A proven framework for Common topic beta mistakes retail marketers should avoid that drives results",
          "How to measure success and iterate on your Common topic beta mistakes retail marketers should avoid strategy",
          "One actionable takeaway you can apply this week",
        ],
        "keywords": [
          "common",
          "topic",
          "beta",
          "mistakes",
          "retail",
          "marketers",
          "should",
          "avoid",
          "build",
          "awareness",
        ],
        "objective": "Build awareness",
        "outcome_promise": "Reader understands Common topic beta mistakes retail marketers should avoid, why it matters now, and the next concrete step to take.",
        "pain_point": "Uncertainty about Common topic beta mistakes retail marketers should avoid and how to approach it effectively",
        "repurpose_angles": [
          "Expand into a long-form article with research and examples",
          "Turn into a visual carousel with one point per slide",
          "Adapt as a poll to gauge audience opinion on Common topic beta mistakes retail marketers should avoid",
          "Record a 30-second video version for Reels",
        ],
        "seo_focus": "Thought leadership on "Common topic beta mistakes retail marketers should avoid" — target informational + branded queries",
        "target_audience": "retail marketers",
      },
      "writingIntent": "Common topic beta mistakes retail marketers should avoid: Build awareness",
    },
    "content_status": null,
    "content_type": "post",
    "cta": "Engage",
    "date": "2026-07-06",
    "day_of_week": "Monday",
    "failure_reason": null,
    "failure_type": null,
    "format_notes": "long-form social post; max 800 words; highest limit: linkedin",
    "intent_type": "text",
    "intro_objective": "Reader understands Common topic beta mistakes retail marketers should avoid, why it matters now, and the next concrete step to take.",
    "max_retries": 3,
    "objective": "Build awareness",
    "plan_version": 2,
    "platform": "x",
    "posting_strategy": "Week 1 Day 1 — w1.t1",
    "priority": "medium",
    "retry_count": 0,
    "scheduled_time": "09:00:00",
    "status": "planned",
    "summary": "Uncertainty about Common topic beta mistakes retail marketers should avoid and how to approach it effectively",
    "target_audience": "retail marketers",
    "template_id": null,
    "title": "Common topic beta mistakes retail marketers should avoid",
    "topic": "Common topic beta mistakes retail marketers should avoid",
    "week_number": 1,
  },
  {
    "ai_generated": false,
    "asset_type": "image",
    "brand_voice": "clear, practical, outcome-driven",
    "campaign_id": "camp-1",
    "content": {
      "asset_instruction": {
        "hashtags": [
          "InfographicTopicAlphaAtAGlance",
          "MarketingContent",
          "Marketing",
          "B2BMarketing",
          "GrowthStrategy",
          "BuildAwareness",
        ],
        "image_prompt": "1.91:1 landscape format — clean, professional, minimal, corporate photography style, soft shadows. Subject: visual representation of "Infographic: Topic Alpha at a glance". Mood: confident, forward-looking. No text overlays. High contrast. Real people or abstract concept art preferred. Brand-safe, no stock photo clichés.",
        "instructions_for_creator": "Objective: Build awareness
Brief: Infographic: Topic Alpha at a glance: Build awareness
Audience: retail marketers
CTA: Engage
Tone: clear, practical, outcome-driven
Visual hook (0–3s): Open with the most surprising fact or contrarian statement about Infographic: Topic Alpha at a glance to stop the scroll.

Scene direction:
Open with hook about Infographic: Topic Alpha at a glance → deliver core value in 3 clear beats → close with CTA.

Image prompt: 1.91:1 landscape format — clean, professional, minimal, corporate photography style, soft shadows. Subject: visual representation of "Infographic: Topic Alpha at a glance". Mood: confident, forward-looking. No text overlays. High contrast. Real people or abstract concept art preferred. Brand-safe, no stock photo clichés.

Video direction: 60–90s 16:9 horizontal video. Hook (0–3s): pattern interrupt — bold statement or surprising visual about "Infographic: Topic Alpha at a glance". Build (3–20s): explain the core insight or process with on-screen text/b-roll. Payoff (final 5s): clear call to action — follow, comment, or click link. Captions: always on. Pacing: fast cuts (every 2–4s). Energy: confident, direct to camera or strong voiceover.",
        "intent": {
          "brief_summary": "Infographic: Topic Alpha at a glance: Build awareness",
          "cta_type": "Engage",
          "narrative_style": "clear, practical, outcome-driven",
          "objective": "Build awareness",
          "outcome_promise": "Reader understands Infographic: Topic Alpha at a glance, why it matters now, and the next concrete step to take.",
          "pain_point": "Uncertainty about Infographic: Topic Alpha at a glance and how to approach it effectively",
          "strategic_role": "",
          "target_audience": "retail marketers",
        },
        "keywords": [
          "infographic",
          "topic",
          "alpha",
          "glance",
          "build",
          "awareness",
          "infographic topic",
          "topic alpha",
          "alpha glance",
        ],
        "mode": "explicit_creator_control",
        "objective": "Build awareness",
        "scene_direction": "Open with hook about Infographic: Topic Alpha at a glance → deliver core value in 3 clear beats → close with CTA.",
        "summary": "Infographic: Topic Alpha at a glance: Build awareness",
        "target_audience": "retail marketers",
        "theme": "Launch",
        "video_prompt": "60–90s 16:9 horizontal video. Hook (0–3s): pattern interrupt — bold statement or surprising visual about "Infographic: Topic Alpha at a glance". Build (3–20s): explain the core insight or process with on-screen text/b-roll. Payoff (final 5s): clear call to action — follow, comment, or click link. Captions: always on. Pacing: fast cuts (every 2–4s). Energy: confident, direct to camera or strong voiceover.",
        "visual_hook": "Open with the most surprising fact or contrarian statement about Infographic: Topic Alpha at a glance to stop the scroll.",
      },
      "asset_payload": {
        "visual_descriptor": {},
      },
      "asset_type": "image",
      "briefSummary": "Infographic: Topic Alpha at a glance: Build awareness",
      "brief_summary": "Infographic: Topic Alpha at a glance: Build awareness",
      "contentGuidance": {
        "maxWordTarget": 800,
        "platformWithHighestLimit": "linkedin",
        "primaryFormat": "long-form social post",
      },
      "contentType": "image",
      "content_type": "image",
      "creator_card": {
        "hashtags": [
          "InfographicTopicAlphaAtAGlance",
          "MarketingContent",
          "Marketing",
          "B2BMarketing",
          "GrowthStrategy",
          "BuildAwareness",
        ],
        "image_prompt": "1.91:1 landscape format — clean, professional, minimal, corporate photography style, soft shadows. Subject: visual representation of "Infographic: Topic Alpha at a glance". Mood: confident, forward-looking. No text overlays. High contrast. Real people or abstract concept art preferred. Brand-safe, no stock photo clichés.",
        "instructions_for_creator": "Objective: Build awareness
Brief: Infographic: Topic Alpha at a glance: Build awareness
Audience: retail marketers
CTA: Engage
Tone: clear, practical, outcome-driven
Visual hook (0–3s): Open with the most surprising fact or contrarian statement about Infographic: Topic Alpha at a glance to stop the scroll.

Scene direction:
Open with hook about Infographic: Topic Alpha at a glance → deliver core value in 3 clear beats → close with CTA.

Image prompt: 1.91:1 landscape format — clean, professional, minimal, corporate photography style, soft shadows. Subject: visual representation of "Infographic: Topic Alpha at a glance". Mood: confident, forward-looking. No text overlays. High contrast. Real people or abstract concept art preferred. Brand-safe, no stock photo clichés.

Video direction: 60–90s 16:9 horizontal video. Hook (0–3s): pattern interrupt — bold statement or surprising visual about "Infographic: Topic Alpha at a glance". Build (3–20s): explain the core insight or process with on-screen text/b-roll. Payoff (final 5s): clear call to action — follow, comment, or click link. Captions: always on. Pacing: fast cuts (every 2–4s). Energy: confident, direct to camera or strong voiceover.",
        "intent": {
          "brief_summary": "Infographic: Topic Alpha at a glance: Build awareness",
          "cta_type": "Engage",
          "narrative_style": "clear, practical, outcome-driven",
          "objective": "Build awareness",
          "outcome_promise": "Reader understands Infographic: Topic Alpha at a glance, why it matters now, and the next concrete step to take.",
          "pain_point": "Uncertainty about Infographic: Topic Alpha at a glance and how to approach it effectively",
          "strategic_role": "",
          "target_audience": "retail marketers",
        },
        "keywords": [
          "infographic",
          "topic",
          "alpha",
          "glance",
          "build",
          "awareness",
          "infographic topic",
          "topic alpha",
          "alpha glance",
        ],
        "mode": "explicit_creator_control",
        "objective": "Build awareness",
        "scene_direction": "Open with hook about Infographic: Topic Alpha at a glance → deliver core value in 3 clear beats → close with CTA.",
        "summary": "Infographic: Topic Alpha at a glance: Build awareness",
        "target_audience": "retail marketers",
        "theme": "Launch",
        "video_prompt": "60–90s 16:9 horizontal video. Hook (0–3s): pattern interrupt — bold statement or surprising visual about "Infographic: Topic Alpha at a glance". Build (3–20s): explain the core insight or process with on-screen text/b-roll. Payoff (final 5s): clear call to action — follow, comment, or click link. Captions: always on. Pacing: fast cuts (every 2–4s). Energy: confident, direct to camera or strong voiceover.",
        "visual_hook": "Open with the most surprising fact or contrarian statement about Infographic: Topic Alpha at a glance to stop the scroll.",
      },
      "ctaType": "Engage",
      "cta_type": "Engage",
      "dailyObjective": "Build awareness",
      "dayIndex": 1,
      "desiredAction": "Engage",
      "globalProgressionIndex": 3,
      "global_progression_index": 3,
      "intent_type": "creator",
      "kpiTarget": "Reach growth",
      "narrativeStyle": "clear, practical, outcome-driven",
      "objective": "Build awareness",
      "packaging": {
        "caption": "Infographic: Topic Alpha at a glance: Build awareness",
        "cta": "Engage",
        "hashtags": [
          "InfographicTopicAlphaAtAGlance",
          "MarketingContent",
          "Marketing",
          "B2BMarketing",
          "GrowthStrategy",
          "BuildAwareness",
        ],
        "keywords": [
          "infographic",
          "topic",
          "alpha",
          "glance",
          "build",
          "awareness",
          "infographic topic",
          "topic alpha",
          "alpha glance",
        ],
        "meta_description": "Infographic: Topic Alpha at a glance: Build awareness",
      },
      "platform": "linkedin",
      "platformTargets": [
        "linkedin",
      ],
      "target_audience": "retail marketers",
      "topic": "Infographic: Topic Alpha at a glance",
      "topicReference": "w1.t1",
      "topicTitle": "Infographic: Topic Alpha at a glance",
      "weekNumber": 1,
      "whatProblemAreWeAddressing": "Uncertainty about Infographic: Topic Alpha at a glance and how to approach it effectively",
      "whatShouldReaderLearn": "Reader understands Infographic: Topic Alpha at a glance, why it matters now, and the next concrete step to take.",
      "whoAreWeWritingFor": "retail marketers",
      "writerBrief": {
        "brief_summary": "Infographic: Topic Alpha at a glance: Build awareness",
        "cta_type": "Engage",
        "hashtags": [
          "InfographicTopicAlphaAtAGlance",
          "MarketingContent",
          "Marketing",
          "B2BMarketing",
          "GrowthStrategy",
          "BuildAwareness",
        ],
        "image_prompt": "1.91:1 landscape format — clean, professional, minimal, corporate photography style, soft shadows. Subject: visual representation of "Infographic: Topic Alpha at a glance". Mood: confident, forward-looking. No text overlays. High contrast. Real people or abstract concept art preferred. Brand-safe, no stock photo clichés.",
        "keywords": [
          "infographic",
          "topic",
          "alpha",
          "glance",
          "build",
          "awareness",
          "infographic topic",
          "topic alpha",
          "alpha glance",
        ],
        "objective": "Build awareness",
        "outcome_promise": "Reader understands Infographic: Topic Alpha at a glance, why it matters now, and the next concrete step to take.",
        "pain_point": "Uncertainty about Infographic: Topic Alpha at a glance and how to approach it effectively",
        "scene_direction": "Open with hook about Infographic: Topic Alpha at a glance → deliver core value in 3 clear beats → close with CTA.",
        "target_audience": "retail marketers",
        "video_prompt": "60–90s 16:9 horizontal video. Hook (0–3s): pattern interrupt — bold statement or surprising visual about "Infographic: Topic Alpha at a glance". Build (3–20s): explain the core insight or process with on-screen text/b-roll. Payoff (final 5s): clear call to action — follow, comment, or click link. Captions: always on. Pacing: fast cuts (every 2–4s). Energy: confident, direct to camera or strong voiceover.",
        "visual_hook": "Open with the most surprising fact or contrarian statement about Infographic: Topic Alpha at a glance to stop the scroll.",
      },
      "writer_brief": {
        "brief_summary": "Infographic: Topic Alpha at a glance: Build awareness",
        "cta_type": "Engage",
        "hashtags": [
          "InfographicTopicAlphaAtAGlance",
          "MarketingContent",
          "Marketing",
          "B2BMarketing",
          "GrowthStrategy",
          "BuildAwareness",
        ],
        "image_prompt": "1.91:1 landscape format — clean, professional, minimal, corporate photography style, soft shadows. Subject: visual representation of "Infographic: Topic Alpha at a glance". Mood: confident, forward-looking. No text overlays. High contrast. Real people or abstract concept art preferred. Brand-safe, no stock photo clichés.",
        "keywords": [
          "infographic",
          "topic",
          "alpha",
          "glance",
          "build",
          "awareness",
          "infographic topic",
          "topic alpha",
          "alpha glance",
        ],
        "objective": "Build awareness",
        "outcome_promise": "Reader understands Infographic: Topic Alpha at a glance, why it matters now, and the next concrete step to take.",
        "pain_point": "Uncertainty about Infographic: Topic Alpha at a glance and how to approach it effectively",
        "scene_direction": "Open with hook about Infographic: Topic Alpha at a glance → deliver core value in 3 clear beats → close with CTA.",
        "target_audience": "retail marketers",
        "video_prompt": "60–90s 16:9 horizontal video. Hook (0–3s): pattern interrupt — bold statement or surprising visual about "Infographic: Topic Alpha at a glance". Build (3–20s): explain the core insight or process with on-screen text/b-roll. Payoff (final 5s): clear call to action — follow, comment, or click link. Captions: always on. Pacing: fast cuts (every 2–4s). Energy: confident, direct to camera or strong voiceover.",
        "visual_hook": "Open with the most surprising fact or contrarian statement about Infographic: Topic Alpha at a glance to stop the scroll.",
      },
      "writingIntent": "Infographic: Topic Alpha at a glance: Build awareness",
    },
    "content_status": null,
    "content_type": "image",
    "cta": "Engage",
    "date": "2026-07-07",
    "day_of_week": "Tuesday",
    "failure_reason": null,
    "failure_type": null,
    "format_notes": "long-form social post; max 800 words; highest limit: linkedin",
    "intent_type": "creator",
    "intro_objective": "Reader understands Infographic: Topic Alpha at a glance, why it matters now, and the next concrete step to take.",
    "max_retries": 3,
    "objective": "Build awareness",
    "plan_version": 2,
    "platform": "linkedin",
    "posting_strategy": "Week 1 Day 1 — w1.t1",
    "priority": "medium",
    "retry_count": 0,
    "scheduled_time": "09:00:00",
    "status": "planned",
    "summary": "Uncertainty about Infographic: Topic Alpha at a glance and how to approach it effectively",
    "target_audience": "retail marketers",
    "template_id": null,
    "title": "Infographic: Topic Alpha at a glance",
    "topic": "Infographic: Topic Alpha at a glance",
    "week_number": 1,
  },
  {
    "ai_generated": false,
    "asset_type": "image",
    "brand_voice": "clear, practical, outcome-driven",
    "campaign_id": "camp-1",
    "content": {
      "asset_instruction": {
        "hashtags": [
          "VisualTopicBetaDataRetailMarketersShouldKnow",
          "MarketingContent",
          "Marketing",
          "B2BMarketing",
          "GrowthStrategy",
          "BuildAwareness",
        ],
        "image_prompt": "9:16 vertical format — vibrant, modern, social-first design, bold typography overlay possible. Subject: visual representation of "Visual: topic beta data retail marketers should know". Mood: confident, forward-looking. No text overlays. High contrast. Real people or abstract concept art preferred. Brand-safe, no stock photo clichés.",
        "instructions_for_creator": "Objective: Build awareness
Brief: Visual: topic beta data retail marketers should know: Build awareness
Audience: retail marketers
CTA: Engage
Tone: clear, practical, outcome-driven
Visual hook (0–3s): Open with the most surprising fact or contrarian statement about Visual: topic beta data retail marketers should know to stop the scroll.

Scene direction:
Open with hook about Visual: topic beta data retail marketers should know → deliver core value in 3 clear beats → close with CTA.

Image prompt: 9:16 vertical format — vibrant, modern, social-first design, bold typography overlay possible. Subject: visual representation of "Visual: topic beta data retail marketers should know". Mood: confident, forward-looking. No text overlays. High contrast. Real people or abstract concept art preferred. Brand-safe, no stock photo clichés.

Video direction: 60–90s 16:9 horizontal video. Hook (0–3s): pattern interrupt — bold statement or surprising visual about "Visual: topic beta data retail marketers should know". Build (3–20s): explain the core insight or process with on-screen text/b-roll. Payoff (final 5s): clear call to action — follow, comment, or click link. Captions: always on. Pacing: fast cuts (every 2–4s). Energy: confident, direct to camera or strong voiceover.",
        "intent": {
          "brief_summary": "Visual: topic beta data retail marketers should know: Build awareness",
          "cta_type": "Engage",
          "narrative_style": "clear, practical, outcome-driven",
          "objective": "Build awareness",
          "outcome_promise": "Reader understands Visual: topic beta data retail marketers should know, why it matters now, and the next concrete step to take.",
          "pain_point": "Uncertainty about Visual: topic beta data retail marketers should know and how to approach it effectively",
          "strategic_role": "",
          "target_audience": "retail marketers",
        },
        "keywords": [
          "visual",
          "topic",
          "beta",
          "data",
          "retail",
          "marketers",
          "should",
          "build",
          "awareness",
          "visual topic",
        ],
        "mode": "explicit_creator_control",
        "objective": "Build awareness",
        "scene_direction": "Open with hook about Visual: topic beta data retail marketers should know → deliver core value in 3 clear beats → close with CTA.",
        "summary": "Visual: topic beta data retail marketers should know: Build awareness",
        "target_audience": "retail marketers",
        "theme": "Launch",
        "video_prompt": "60–90s 16:9 horizontal video. Hook (0–3s): pattern interrupt — bold statement or surprising visual about "Visual: topic beta data retail marketers should know". Build (3–20s): explain the core insight or process with on-screen text/b-roll. Payoff (final 5s): clear call to action — follow, comment, or click link. Captions: always on. Pacing: fast cuts (every 2–4s). Energy: confident, direct to camera or strong voiceover.",
        "visual_hook": "Open with the most surprising fact or contrarian statement about Visual: topic beta data retail marketers should know to stop the scroll.",
      },
      "asset_payload": {
        "visual_descriptor": {},
      },
      "asset_type": "image",
      "briefSummary": "Visual: topic beta data retail marketers should know: Build awareness",
      "brief_summary": "Visual: topic beta data retail marketers should know: Build awareness",
      "contentGuidance": {
        "maxWordTarget": 800,
        "platformWithHighestLimit": "linkedin",
        "primaryFormat": "long-form social post",
      },
      "contentType": "image",
      "content_type": "image",
      "creator_card": {
        "hashtags": [
          "VisualTopicBetaDataRetailMarketersShouldKnow",
          "MarketingContent",
          "Marketing",
          "B2BMarketing",
          "GrowthStrategy",
          "BuildAwareness",
        ],
        "image_prompt": "9:16 vertical format — vibrant, modern, social-first design, bold typography overlay possible. Subject: visual representation of "Visual: topic beta data retail marketers should know". Mood: confident, forward-looking. No text overlays. High contrast. Real people or abstract concept art preferred. Brand-safe, no stock photo clichés.",
        "instructions_for_creator": "Objective: Build awareness
Brief: Visual: topic beta data retail marketers should know: Build awareness
Audience: retail marketers
CTA: Engage
Tone: clear, practical, outcome-driven
Visual hook (0–3s): Open with the most surprising fact or contrarian statement about Visual: topic beta data retail marketers should know to stop the scroll.

Scene direction:
Open with hook about Visual: topic beta data retail marketers should know → deliver core value in 3 clear beats → close with CTA.

Image prompt: 9:16 vertical format — vibrant, modern, social-first design, bold typography overlay possible. Subject: visual representation of "Visual: topic beta data retail marketers should know". Mood: confident, forward-looking. No text overlays. High contrast. Real people or abstract concept art preferred. Brand-safe, no stock photo clichés.

Video direction: 60–90s 16:9 horizontal video. Hook (0–3s): pattern interrupt — bold statement or surprising visual about "Visual: topic beta data retail marketers should know". Build (3–20s): explain the core insight or process with on-screen text/b-roll. Payoff (final 5s): clear call to action — follow, comment, or click link. Captions: always on. Pacing: fast cuts (every 2–4s). Energy: confident, direct to camera or strong voiceover.",
        "intent": {
          "brief_summary": "Visual: topic beta data retail marketers should know: Build awareness",
          "cta_type": "Engage",
          "narrative_style": "clear, practical, outcome-driven",
          "objective": "Build awareness",
          "outcome_promise": "Reader understands Visual: topic beta data retail marketers should know, why it matters now, and the next concrete step to take.",
          "pain_point": "Uncertainty about Visual: topic beta data retail marketers should know and how to approach it effectively",
          "strategic_role": "",
          "target_audience": "retail marketers",
        },
        "keywords": [
          "visual",
          "topic",
          "beta",
          "data",
          "retail",
          "marketers",
          "should",
          "build",
          "awareness",
          "visual topic",
        ],
        "mode": "explicit_creator_control",
        "objective": "Build awareness",
        "scene_direction": "Open with hook about Visual: topic beta data retail marketers should know → deliver core value in 3 clear beats → close with CTA.",
        "summary": "Visual: topic beta data retail marketers should know: Build awareness",
        "target_audience": "retail marketers",
        "theme": "Launch",
        "video_prompt": "60–90s 16:9 horizontal video. Hook (0–3s): pattern interrupt — bold statement or surprising visual about "Visual: topic beta data retail marketers should know". Build (3–20s): explain the core insight or process with on-screen text/b-roll. Payoff (final 5s): clear call to action — follow, comment, or click link. Captions: always on. Pacing: fast cuts (every 2–4s). Energy: confident, direct to camera or strong voiceover.",
        "visual_hook": "Open with the most surprising fact or contrarian statement about Visual: topic beta data retail marketers should know to stop the scroll.",
      },
      "ctaType": "Engage",
      "cta_type": "Engage",
      "dailyObjective": "Build awareness",
      "dayIndex": 1,
      "desiredAction": "Engage",
      "globalProgressionIndex": 4,
      "global_progression_index": 4,
      "intent_type": "creator",
      "kpiTarget": "Reach growth",
      "narrativeStyle": "clear, practical, outcome-driven",
      "objective": "Build awareness",
      "packaging": {
        "caption": "Visual: topic beta data retail marketers should know: Build awareness",
        "cta": "Engage",
        "hashtags": [
          "VisualTopicBetaDataRetailMarketersShouldKnow",
          "MarketingContent",
          "Marketing",
          "B2BMarketing",
          "GrowthStrategy",
          "BuildAwareness",
        ],
        "keywords": [
          "visual",
          "topic",
          "beta",
          "data",
          "retail",
          "marketers",
          "should",
          "build",
          "awareness",
          "visual topic",
        ],
        "meta_description": "Visual: topic beta data retail marketers should know: Build awareness",
      },
      "platform": "x",
      "platformTargets": [
        "x",
      ],
      "target_audience": "retail marketers",
      "topic": "Visual: topic beta data retail marketers should know",
      "topicReference": "w1.t1",
      "topicTitle": "Visual: topic beta data retail marketers should know",
      "weekNumber": 1,
      "whatProblemAreWeAddressing": "Uncertainty about Visual: topic beta data retail marketers should know and how to approach it effectively",
      "whatShouldReaderLearn": "Reader understands Visual: topic beta data retail marketers should know, why it matters now, and the next concrete step to take.",
      "whoAreWeWritingFor": "retail marketers",
      "writerBrief": {
        "brief_summary": "Visual: topic beta data retail marketers should know: Build awareness",
        "cta_type": "Engage",
        "hashtags": [
          "VisualTopicBetaDataRetailMarketersShouldKnow",
          "MarketingContent",
          "Marketing",
          "B2BMarketing",
          "GrowthStrategy",
          "BuildAwareness",
        ],
        "image_prompt": "1.91:1 landscape format — clean, professional, minimal, corporate photography style, soft shadows. Subject: visual representation of "Visual: topic beta data retail marketers should know". Mood: confident, forward-looking. No text overlays. High contrast. Real people or abstract concept art preferred. Brand-safe, no stock photo clichés.",
        "keywords": [
          "visual",
          "topic",
          "beta",
          "data",
          "retail",
          "marketers",
          "should",
          "build",
          "awareness",
          "visual topic",
        ],
        "objective": "Build awareness",
        "outcome_promise": "Reader understands Visual: topic beta data retail marketers should know, why it matters now, and the next concrete step to take.",
        "pain_point": "Uncertainty about Visual: topic beta data retail marketers should know and how to approach it effectively",
        "scene_direction": "Open with hook about Visual: topic beta data retail marketers should know → deliver core value in 3 clear beats → close with CTA.",
        "target_audience": "retail marketers",
        "video_prompt": "60–90s 16:9 horizontal video. Hook (0–3s): pattern interrupt — bold statement or surprising visual about "Visual: topic beta data retail marketers should know". Build (3–20s): explain the core insight or process with on-screen text/b-roll. Payoff (final 5s): clear call to action — follow, comment, or click link. Captions: always on. Pacing: fast cuts (every 2–4s). Energy: confident, direct to camera or strong voiceover.",
        "visual_hook": "Open with the most surprising fact or contrarian statement about Visual: topic beta data retail marketers should know to stop the scroll.",
      },
      "writer_brief": {
        "brief_summary": "Visual: topic beta data retail marketers should know: Build awareness",
        "cta_type": "Engage",
        "hashtags": [
          "VisualTopicBetaDataRetailMarketersShouldKnow",
          "MarketingContent",
          "Marketing",
          "B2BMarketing",
          "GrowthStrategy",
          "BuildAwareness",
        ],
        "image_prompt": "1.91:1 landscape format — clean, professional, minimal, corporate photography style, soft shadows. Subject: visual representation of "Visual: topic beta data retail marketers should know". Mood: confident, forward-looking. No text overlays. High contrast. Real people or abstract concept art preferred. Brand-safe, no stock photo clichés.",
        "keywords": [
          "visual",
          "topic",
          "beta",
          "data",
          "retail",
          "marketers",
          "should",
          "build",
          "awareness",
          "visual topic",
        ],
        "objective": "Build awareness",
        "outcome_promise": "Reader understands Visual: topic beta data retail marketers should know, why it matters now, and the next concrete step to take.",
        "pain_point": "Uncertainty about Visual: topic beta data retail marketers should know and how to approach it effectively",
        "scene_direction": "Open with hook about Visual: topic beta data retail marketers should know → deliver core value in 3 clear beats → close with CTA.",
        "target_audience": "retail marketers",
        "video_prompt": "60–90s 16:9 horizontal video. Hook (0–3s): pattern interrupt — bold statement or surprising visual about "Visual: topic beta data retail marketers should know". Build (3–20s): explain the core insight or process with on-screen text/b-roll. Payoff (final 5s): clear call to action — follow, comment, or click link. Captions: always on. Pacing: fast cuts (every 2–4s). Energy: confident, direct to camera or strong voiceover.",
        "visual_hook": "Open with the most surprising fact or contrarian statement about Visual: topic beta data retail marketers should know to stop the scroll.",
      },
      "writingIntent": "Visual: topic beta data retail marketers should know: Build awareness",
    },
    "content_status": null,
    "content_type": "image",
    "cta": "Engage",
    "date": "2026-07-07",
    "day_of_week": "Tuesday",
    "failure_reason": null,
    "failure_type": null,
    "format_notes": "long-form social post; max 800 words; highest limit: linkedin",
    "intent_type": "creator",
    "intro_objective": "Reader understands Visual: topic beta data retail marketers should know, why it matters now, and the next concrete step to take.",
    "max_retries": 3,
    "objective": "Build awareness",
    "plan_version": 2,
    "platform": "x",
    "posting_strategy": "Week 1 Day 1 — w1.t1",
    "priority": "medium",
    "retry_count": 0,
    "scheduled_time": "09:00:00",
    "status": "planned",
    "summary": "Uncertainty about Visual: topic beta data retail marketers should know and how to approach it effectively",
    "target_audience": "retail marketers",
    "template_id": null,
    "title": "Visual: topic beta data retail marketers should know",
    "topic": "Visual: topic beta data retail marketers should know",
    "week_number": 1,
  },
]
`;

exports[`synth path (no AI execution_items) — golden master produces a deterministic result envelope and persisted rows: result-envelope 1`] = `
{
  "auto_optimize_distribution": false,
  "auto_rebalance": false,
  "dailyPlan": 4,
  "enable_campaign_waves": false,
  "execution_feedback": {
    "recommendations": [
      "looks good",
    ],
    "summary": {
      "invalid": 0,
      "total_items": 4,
    },
  },
  "message": "Generated topic-aligned daily plan skeleton for Week 1",
  "planning_feedback": {
    "recommendations": [
      "looks good",
    ],
    "summary": {
      "invalid": 0,
      "total_items": 4,
    },
  },
  "publishing_optimization": {
    "strategy_adjustments": {
      "preferred_platforms": [],
      "reduced_platforms": [],
    },
    "summary": {
      "stable_platforms": [],
      "unstable_platforms": [],
    },
  },
  "success": true,
  "topicDayMap": [
    {
      "day": "Monday",
      "dayIndex": 1,
      "topics": [
        "Why Topic Alpha matters for retail marketers",
        "Common topic beta mistakes retail marketers should avoid",
        "Infographic: Topic Alpha at a glance",
        "Visual: topic beta data retail marketers should know",
      ],
    },
    {
      "day": "Tuesday",
      "dayIndex": 2,
      "topics": [],
    },
    {
      "day": "Wednesday",
      "dayIndex": 3,
      "topics": [],
    },
    {
      "day": "Thursday",
      "dayIndex": 4,
      "topics": [],
    },
    {
      "day": "Friday",
      "dayIndex": 5,
      "topics": [],
    },
    {
      "day": "Saturday",
      "dayIndex": 6,
      "topics": [],
    },
    {
      "day": "Sunday",
      "dayIndex": 7,
      "topics": [],
    },
  ],
  "validation": {
    "errors": [],
    "ok": true,
  },
  "week": 1,
  "weeks": undefined,
}
`;
