// Jest Snapshot v1, https://goo.gl/fbAQLP

exports[`synth path (no AI execution_items) — golden master produces a deterministic result envelope and persisted rows: persisted-rows 1`] = `
[
  {
    "ai_generated": true,
    "asset_type": null,
    "brand_voice": "clear, practical, outcome-driven",
    "campaign_id": "camp-1",
    "content": {
      "briefSummary": "Why Topic Alpha matters for retail marketers: Build awareness",
      "brief_summary": "Why Topic Alpha matters for retail marketers: Build awareness",
      "campaign_context": "optimized",
      "contentGuidance": {
        "maxWordTarget": 800,
        "platformWithHighestLimit": "linkedin",
        "primaryFormat": "long-form social post",
      },
      "contentType": "post",
      "content_type": "post",
      "creator_card": {
        "hashtags": [
          "WhyTopicAlphaMattersForRetailMarketers",
          "SocialMedia",
          "Marketing",
          "B2BMarketing",
          "GrowthStrategy",
          "BuildAwareness",
        ],
        "hook": "Everyone talks about Why Topic Alpha matters for retail marketers. Almost nobody does it right.",
        "instructions_for_creator": "Objective: Build awareness
Brief: Why Topic Alpha matters for retail marketers: Build awareness
Audience: retail marketers
CTA: Engage
Tone: clear, practical, outcome-driven
Opening hook: Everyone talks about Why Topic Alpha matters for retail marketers. Almost nobody does it right.
SEO focus: Thought leadership on "Why Topic Alpha matters for retail marketers" — target informational + branded queries
Key points to cover:
  1. Why Why Topic Alpha matters for retail marketers matters now and what changed in the market
  2. The most common mistakes when approaching Why Topic Alpha matters for retail marketers
  3. A proven framework for Why Topic Alpha matters for retail marketers that drives results
  4. How to measure success and iterate on your Why Topic Alpha matters for retail marketers strategy
  5. One actionable takeaway you can apply this week
Repurpose as:
  • Expand into a long-form article with research and examples
  • Turn into a visual carousel with one point per slide
  • Adapt as a poll to gauge audience opinion on Why Topic Alpha matters for retail marketers
  • Record a 30-second video version for Reels",
        "intent": {
          "brief_summary": "Why Topic Alpha matters for retail marketers: Build awareness",
          "cta_type": "Engage",
          "narrative_style": "clear, practical, outcome-driven",
          "objective": "Build awareness",
          "outcome_promise": "Reader understands Why Topic Alpha matters for retail marketers, why it matters now, and the next concrete step to take.",
          "pain_point": "Uncertainty about Why Topic Alpha matters for retail marketers and how to approach it effectively",
          "strategic_role": "",
          "target_audience": "retail marketers",
        },
        "key_points": [
          "Why Why Topic Alpha matters for retail marketers matters now and what changed in the market",
          "The most common mistakes when approaching Why Topic Alpha matters for retail marketers",
          "A proven framework for Why Topic Alpha matters for retail marketers that drives results",
          "How to measure success and iterate on your Why Topic Alpha matters for retail marketers strategy",
          "One actionable takeaway you can apply this week",
        ],
        "keywords": [
          "topic",
          "alpha",
          "matters",
          "retail",
          "marketers",
          "build",
          "awareness",
          "why topic",
          "topic alpha",
          "alpha matters",
        ],
        "mode": "explicit_creator_control",
        "objective": "Build awareness",
        "repurpose_angles": [
          "Expand into a long-form article with research and examples",
          "Turn into a visual carousel with one point per slide",
          "Adapt as a poll to gauge audience opinion on Why Topic Alpha matters for retail marketers",
          "Record a 30-second video version for Reels",
        ],
        "seo_focus": "Thought leadership on "Why Topic Alpha matters for retail marketers" — target informational + branded queries",
        "summary": "Why Topic Alpha matters for retail marketers: Build awareness",
        "target_audience": "retail marketers",
        "theme": "Launch",
      },
      "ctaType": "Engage",
      "cta_type": "Engage",
      "dailyObjective": "Build awareness",
      "dayIndex": 1,
      "desiredAction": "Engage",
      "fingerprint": {
        "cta": "8ae6ed2e",
        "idea": "f366fcfa",
        "narrative": "058e56ed",
        "topic": "f5de135a",
      },
      "funnel_stage": "awareness",
      "globalProgressionIndex": 1,
      "global_progression_index": 1,
      "kpiTarget": "Reach growth",
      "masterIdeaSeed": "topic alpha",
      "master_idea": {
        "audience": "retail marketers",
        "buyer_journey_stage": "awareness",
        "core_message": "Why Topic Alpha matters for retail marketers: Build awareness",
        "cta_strategy": "Engage",
        "id": "mi_2f1df5b7",
        "intent": "Build awareness",
        "narrative": "clear, practical, outcome-driven",
        "theme": "Launch",
      },
      "master_idea_version": 1,
      "narrativeStyle": "clear, practical, outcome-driven",
      "objective": "Build awareness",
      "platform": "linkedin",
      "platformTargets": [
        "linkedin",
      ],
      "target_audience": "retail marketers",
      "topic": "Why Topic Alpha matters for retail marketers",
      "topicReference": "w1.t1",
      "topicTitle": "Why Topic Alpha matters for retail marketers",
      "variant": {
        "differentiator": "Concise single-post hook on the idea.",
        "master_idea_id": "mi_2f1df5b7",
        "variant_id": "cv_a0d9f231",
        "variant_type": "post",
      },
      "weekNumber": 1,
      "whatProblemAreWeAddressing": "Uncertainty about Why Topic Alpha matters for retail marketers and how to approach it effectively",
      "whatShouldReaderLearn": "Reader understands Why Topic Alpha matters for retail marketers, why it matters now, and the next concrete step to take.",
      "whoAreWeWritingFor": "retail marketers",
      "writerBrief": {
        "brief_summary": "Why Topic Alpha matters for retail marketers: Build awareness",
        "cta_type": "Engage",
        "hashtags": [
          "WhyTopicAlphaMattersForRetailMarketers",
          "SocialMedia",
          "Marketing",
          "B2BMarketing",
          "GrowthStrategy",
          "BuildAwareness",
        ],
        "hook": "Everyone talks about Why Topic Alpha matters for retail marketers. Almost nobody does it right.",
        "key_points": [
          "Why Why Topic Alpha matters for retail marketers matters now and what changed in the market",
          "The most common mistakes when approaching Why Topic Alpha matters for retail marketers",
          "A proven framework for Why Topic Alpha matters for retail marketers that drives results",
          "How to measure success and iterate on your Why Topic Alpha matters for retail marketers strategy",
          "One actionable takeaway you can apply this week",
        ],
        "keywords": [
          "topic",
          "alpha",
          "matters",
          "retail",
          "marketers",
          "build",
          "awareness",
          "why topic",
          "topic alpha",
          "alpha matters",
        ],
        "master_idea_seed": "topic alpha",
        "objective": "Build awareness",
        "outcome_promise": "Reader understands Why Topic Alpha matters for retail marketers, why it matters now, and the next concrete step to take.",
        "pain_point": "Uncertainty about Why Topic Alpha matters for retail marketers and how to approach it effectively",
        "repurpose_angles": [
          "Expand into a long-form article with research and examples",
          "Turn into a visual carousel with one point per slide",
          "Adapt as a poll to gauge audience opinion on Why Topic Alpha matters for retail marketers",
          "Record a 30-second video version for Reels",
        ],
        "seo_focus": "Thought leadership on "Why Topic Alpha matters for retail marketers" — target informational + branded queries",
        "target_audience": "retail marketers",
      },
      "writer_brief": {
        "brief_summary": "Why Topic Alpha matters for retail marketers: Build awareness",
        "cta_type": "Engage",
        "hashtags": [
          "WhyTopicAlphaMattersForRetailMarketers",
          "SocialMedia",
          "Marketing",
          "B2BMarketing",
          "GrowthStrategy",
          "BuildAwareness",
        ],
        "hook": "Everyone talks about Why Topic Alpha matters for retail marketers. Almost nobody does it right.",
        "key_points": [
          "Why Why Topic Alpha matters for retail marketers matters now and what changed in the market",
          "The most common mistakes when approaching Why Topic Alpha matters for retail marketers",
          "A proven framework for Why Topic Alpha matters for retail marketers that drives results",
          "How to measure success and iterate on your Why Topic Alpha matters for retail marketers strategy",
          "One actionable takeaway you can apply this week",
        ],
        "keywords": [
          "topic",
          "alpha",
          "matters",
          "retail",
          "marketers",
          "build",
          "awareness",
          "why topic",
          "topic alpha",
          "alpha matters",
        ],
        "master_idea_seed": "topic alpha",
        "objective": "Build awareness",
        "outcome_promise": "Reader understands Why Topic Alpha matters for retail marketers, why it matters now, and the next concrete step to take.",
        "pain_point": "Uncertainty about Why Topic Alpha matters for retail marketers and how to approach it effectively",
        "repurpose_angles": [
          "Expand into a long-form article with research and examples",
          "Turn into a visual carousel with one point per slide",
          "Adapt as a poll to gauge audience opinion on Why Topic Alpha matters for retail marketers",
          "Record a 30-second video version for Reels",
        ],
        "seo_focus": "Thought leadership on "Why Topic Alpha matters for retail marketers" — target informational + branded queries",
        "target_audience": "retail marketers",
      },
      "writingIntent": "Why Topic Alpha matters for retail marketers: Build awareness",
    },
    "content_status": null,
    "content_type": "post",
    "cta": "Engage",
    "date": "2026-07-06",
    "day_of_week": "Monday",
    "failure_reason": null,
    "failure_type": null,
    "format_notes": "long-form social post; max 800 words; highest limit: linkedin",
    "intent_type": "text",
    "intro_objective": "Reader understands Why Topic Alpha matters for retail marketers, why it matters now, and the next concrete step to take.",
    "max_retries": 3,
    "objective": "Build awareness",
    "plan_version": 2,
    "platform": "linkedin",
    "posting_strategy": "Week 1 Day 1 — w1.t1",
    "priority": "medium",
    "retry_count": 0,
    "scheduled_time": "09:00:00",
    "status": "planned",
    "summary": "Uncertainty about Why Topic Alpha matters for retail marketers and how to approach it effectively",
    "target_audience": "retail marketers",
    "template_id": null,
    "title": "Why Topic Alpha matters for retail marketers",
    "topic": "Why Topic Alpha matters for retail marketers",
    "week_number": 1,
  },
  {
    "ai_generated": true,
    "asset_type": null,
    "brand_voice": "clear, practical, outcome-driven",
    "campaign_id": "camp-1",
    "content": {
      "briefSummary": "Common topic beta mistakes retail marketers should avoid: Build awareness",
      "brief_summary": "Common topic beta mistakes retail marketers should avoid: Build awareness",
      "campaign_context": "optimized",
      "contentGuidance": {
        "maxWordTarget": 800,
        "platformWithHighestLimit": "linkedin",
        "primaryFormat": "long-form social post",
      },
      "contentType": "post",
      "content_type": "post",
      "creator_card": {
        "hashtags": [
          "CommonTopicBetaMistakesRetailMarketersShouldAvoid",
          "SocialMedia",
          "Marketing",
          "B2BMarketing",
          "GrowthStrategy",
          "BuildAwareness",
        ],
        "hook": "Everyone talks about Common topic beta mistakes retail marketers should avoid. Almost nobody does it right.",
        "instructions_for_creator": "Objective: Build awareness
Brief: Common topic beta mistakes retail marketers should avoid: Build awareness
Audience: retail marketers
CTA: Engage
Tone: clear, practical, outcome-driven
Opening hook: Everyone talks about Common topic beta mistakes retail marketers should avoid. Almost nobody does it right.
SEO focus: Thought leadership on "Common topic beta mistakes retail marketers should avoid" — target informational + branded queries
Key points to cover:
  1. Why Common topic beta mistakes retail marketers should avoid matters now and what changed in the market
  2. The most common mistakes when approaching Common topic beta mistakes retail marketers should avoid
  3. A proven framework for Common topic beta mistakes retail marketers should avoid that drives results
  4. How to measure success and iterate on your Common topic beta mistakes retail marketers should avoid strategy
  5. One actionable takeaway you can apply this week
Repurpose as:
  • Expand into a long-form article with research and examples
  • Turn into a visual carousel with one point per slide
  • Adapt as a poll to gauge audience opinion on Common topic beta mistakes retail marketers should avoid
  • Record a 30-second video version for Reels",
        "intent": {
          "brief_summary": "Common topic beta mistakes retail marketers should avoid: Build awareness",
          "cta_type": "Engage",
          "narrative_style": "clear, practical, outcome-driven",
          "objective": "Build awareness",
          "outcome_promise": "Reader understands Common topic beta mistakes retail marketers should avoid, why it matters now, and the next concrete step to take.",
          "pain_point": "Uncertainty about Common topic beta mistakes retail marketers should avoid and how to approach it effectively",
          "strategic_role": "",
          "target_audience": "retail marketers",
        },
        "key_points": [
          "Why Common topic beta mistakes retail marketers should avoid matters now and what changed in the market",
          "The most common mistakes when approaching Common topic beta mistakes retail marketers should avoid",
          "A proven framework for Common topic beta mistakes retail marketers should avoid that drives results",
          "How to measure success and iterate on your Common topic beta mistakes retail marketers should avoid strategy",
          "One actionable takeaway you can apply this week",
        ],
        "keywords": [
          "common",
          "topic",
          "beta",
          "mistakes",
          "retail",
          "marketers",
          "should",
          "avoid",
          "build",
          "awareness",
        ],
        "mode": "explicit_creator_control",
        "objective": "Build awareness",
        "repurpose_angles": [
          "Expand into a long-form article with research and examples",
          "Turn into a visual carousel with one point per slide",
          "Adapt as a poll to gauge audience opinion on Common topic beta mistakes retail marketers should avoid",
          "Record a 30-second video version for Reels",
        ],
        "seo_focus": "Thought leadership on "Common topic beta mistakes retail marketers should avoid" — target informational + branded queries",
        "summary": "Common topic beta mistakes retail marketers should avoid: Build awareness",
        "target_audience": "retail marketers",
        "theme": "Launch",
      },
      "ctaType": "Engage",
      "cta_type": "Engage",
      "dailyObjective": "Build awareness",
      "dayIndex": 1,
      "desiredAction": "See how it works",
      "fingerprint": {
        "cta": "a7a87fb1",
        "idea": "8b6eb541",
        "narrative": "058e56ed",
        "topic": "ea63ebbf",
      },
      "funnel_stage": "consideration",
      "globalProgressionIndex": 2,
      "global_progression_index": 2,
      "kpiTarget": "Reach growth",
      "masterIdeaSeed": "topic beta",
      "master_idea": {
        "audience": "retail marketers",
        "buyer_journey_stage": "consideration",
        "core_message": "Common topic beta mistakes retail marketers should avoid: Build awareness",
        "cta_strategy": "See how it works",
        "id": "mi_fbcfb723",
        "intent": "Build awareness",
        "narrative": "clear, practical, outcome-driven",
        "theme": "Launch",
      },
      "master_idea_version": 1,
      "narrativeStyle": "clear, practical, outcome-driven",
      "objective": "Build awareness",
      "platform": "x",
      "platformTargets": [
        "x",
      ],
      "target_audience": "retail marketers",
      "topic": "Common topic beta mistakes retail marketers should avoid",
      "topicReference": "w1.t1",
      "topicTitle": "Common topic beta mistakes retail marketers should avoid",
      "variant": {
        "differentiator": "Concise single-post hook on the idea.",
        "master_idea_id": "mi_fbcfb723",
        "variant_id": "cv_4d6c1fb8",
        "variant_type": "post",
      },
      "weekNumber": 1,
      "whatProblemAreWeAddressing": "Uncertainty about Common topic beta mistakes retail marketers should avoid and how to approach it effectively",
      "whatShouldReaderLearn": "Reader understands Common topic beta mistakes retail marketers should avoid, why it matters now, and the next concrete step to take.",
      "whoAreWeWritingFor": "retail marketers",
      "writerBrief": {
        "brief_summary": "Common topic beta mistakes retail marketers should avoid: Build awareness",
        "cta_type": "Engage",
        "hashtags": [
          "CommonTopicBetaMistakesRetailMarketersShouldAvoid",
          "SocialMedia",
          "Marketing",
          "B2BMarketing",
          "GrowthStrategy",
          "BuildAwareness",
        ],
        "hook": "Everyone talks about Common topic beta mistakes retail marketers should avoid. Almost nobody does it right.",
        "key_points": [
          "Why Common topic beta mistakes retail marketers should avoid matters now and what changed in the market",
          "The most common mistakes when approaching Common topic beta mistakes retail marketers should avoid",
          "A proven framework for Common topic beta mistakes retail marketers should avoid that drives results",
          "How to measure success and iterate on your Common topic beta mistakes retail marketers should avoid strategy",
          "One actionable takeaway you can apply this week",
        ],
        "keywords": [
          "common",
          "topic",
          "beta",
          "mistakes",
          "retail",
          "marketers",
          "should",
          "avoid",
          "build",
          "awareness",
        ],
        "master_idea_seed": "topic beta",
        "objective": "Build awareness",
        "outcome_promise": "Reader understands Common topic beta mistakes retail marketers should avoid, why it matters now, and the next concrete step to take.",
        "pain_point": "Uncertainty about Common topic beta mistakes retail marketers should avoid and how to approach it effectively",
        "repurpose_angles": [
          "Expand into a long-form article with research and examples",
          "Turn into a visual carousel with one point per slide",
          "Adapt as a poll to gauge audience opinion on Common topic beta mistakes retail marketers should avoid",
          "Record a 30-second video version for Reels",
        ],
        "seo_focus": "Thought leadership on "Common topic beta mistakes retail marketers should avoid" — target informational + branded queries",
        "target_audience": "retail marketers",
      },
      "writer_brief": {
        "brief_summary": "Common topic beta mistakes retail marketers should avoid: Build awareness",
        "cta_type": "Engage",
        "hashtags": [
          "CommonTopicBetaMistakesRetailMarketersShouldAvoid",
          "SocialMedia",
          "Marketing",
          "B2BMarketing",
          "GrowthStrategy",
          "BuildAwareness",
        ],
        "hook": "Everyone talks about Common topic beta mistakes retail marketers should avoid. Almost nobody does it right.",
        "key_points": [
          "Why Common topic beta mistakes retail marketers should avoid matters now and what changed in the market",
          "The most common mistakes when approaching Common topic beta mistakes retail marketers should avoid",
          "A proven framework for Common topic beta mistakes retail marketers should avoid that drives results",
          "How to measure success and iterate on your Common topic beta mistakes retail marketers should avoid strategy",
          "One actionable takeaway you can apply this week",
        ],
        "keywords": [
          "common",
          "topic",
          "beta",
          "mistakes",
          "retail",
          "marketers",
          "should",
          "avoid",
          "build",
          "awareness",
        ],
        "master_idea_seed": "topic beta",
        "objective": "Build awareness",
        "outcome_promise": "Reader understands Common topic beta mistakes retail marketers should avoid, why it matters now, and the next concrete step to take.",
        "pain_point": "Uncertainty about Common topic beta mistakes retail marketers should avoid and how to approach it effectively",
        "repurpose_angles": [
          "Expand into a long-form article with research and examples",
          "Turn into a visual carousel with one point per slide",
          "Adapt as a poll to gauge audience opinion on Common topic beta mistakes retail marketers should avoid",
          "Record a 30-second video version for Reels",
        ],
        "seo_focus": "Thought leadership on "Common topic beta mistakes retail marketers should avoid" — target informational + branded queries",
        "target_audience": "retail marketers",
      },
      "writingIntent": "Common topic beta mistakes retail marketers should avoid: Build awareness",
    },
    "content_status": null,
    "content_type": "post",
    "cta": "Engage",
    "date": "2026-07-06",
    "day_of_week": "Monday",
    "failure_reason": null,
    "failure_type": null,
    "format_notes": "long-form social post; max 800 words; highest limit: linkedin",
    "intent_type": "text",
    "intro_objective": "Reader understands Common topic beta mistakes retail marketers should avoid, why it matters now, and the next concrete step to take.",
    "max_retries": 3,
    "objective": "Build awareness",
    "plan_version": 2,
    "platform": "x",
    "posting_strategy": "Week 1 Day 1 — w1.t1",
    "priority": "medium",
    "retry_count": 0,
    "scheduled_time": "09:00:00",
    "status": "planned",
    "summary": "Uncertainty about Common topic beta mistakes retail marketers should avoid and how to approach it effectively",
    "target_audience": "retail marketers",
    "template_id": null,
    "title": "Common topic beta mistakes retail marketers should avoid",
    "topic": "Common topic beta mistakes retail marketers should avoid",
    "week_number": 1,
  },
  {
    "ai_generated": false,
    "asset_type": "image",
    "brand_voice": "clear, practical, outcome-driven",
    "campaign_id": "camp-1",
    "content": {
      "asset_instruction": {
        "hashtags": [
          "InfographicTopicAlphaAtAGlance",
          "MarketingContent",
          "Marketing",
          "B2BMarketing",
          "GrowthStrategy",
          "BuildAwareness",
        ],
        "image_prompt": "1.91:1 landscape format — clean, professional, minimal, corporate photography style, soft shadows. Subject: visual representation of "Infographic: Topic Alpha at a glance". Mood: confident, forward-looking. No text overlays. High contrast. Real people or abstract concept art preferred. Brand-safe, no stock photo clichés.",
        "instructions_for_creator": "Objective: Build awareness
Brief: Infographic: Topic Alpha at a glance: Build awareness
Audience: retail marketers
CTA: Engage
Tone: clear, practical, outcome-driven
Visual hook (0–3s): Open with the most surprising fact or contrarian statement about Infographic: Topic Alpha at a glance to stop the scroll.

Scene direction:
Open with hook about Infographic: Topic Alpha at a glance → deliver core value in 3 clear beats → close with CTA.

Image prompt: 1.91:1 landscape format — clean, professional, minimal, corporate photography style, soft shadows. Subject: visual representation of "Infographic: Topic Alpha at a glance". Mood: confident, forward-looking. No text overlays. High contrast. Real people or abstract concept art preferred. Brand-safe, no stock photo clichés.

Video direction: 60–90s 16:9 horizontal video. Hook (0–3s): pattern interrupt — bold statement or surprising visual about "Infographic: Topic Alpha at a glance". Build (3–20s): explain the core insight or process with on-screen text/b-roll. Payoff (final 5s): clear call to action — follow, comment, or click link. Captions: always on. Pacing: fast cuts (every 2–4s). Energy: confident, direct to camera or strong voiceover.",
        "intent": {
          "brief_summary": "Infographic: Topic Alpha at a glance: Build awareness",
          "cta_type": "Engage",
          "narrative_style": "clear, practical, outcome-driven",
          "objective": "Build awareness",
          "outcome_promise": "Reader understands Infographic: Topic Alpha at a glance, why it matters now, and the next concrete step to take.",
          "pain_point": "Uncertainty about Infographic: Topic Alpha at a glance and how to approach it effectively",
          "strategic_role": "",
          "target_audience": "retail marketers",
        },
        "keywords": [
          "infographic",
          "topic",
          "alpha",
          "glance",
          "build",
          "awareness",
          "infographic topic",
          "topic alpha",
          "alpha glance",
        ],
        "mode": "explicit_creator_control",
        "objective": "Build awareness",
        "scene_direction": "Open with hook about Infographic: Topic Alpha at a glance → deliver core value in 3 clear beats → close with CTA.",
        "summary": "Infographic: Topic Alpha at a glance: Build awareness",
        "target_audience": "retail marketers",
        "theme": "Launch",
        "video_prompt": "60–90s 16:9 horizontal video. Hook (0–3s): pattern interrupt — bold statement or surprising visual about "Infographic: Topic Alpha at a glance". Build (3–20s): explain the core insight or process with on-screen text/b-roll. Payoff (final 5s): clear call to action — follow, comment, or click link. Captions: always on. Pacing: fast cuts (every 2–4s). Energy: confident, direct to camera or strong voiceover.",
        "visual_hook": "Open with the most surprising fact or contrarian statement about Infographic: Topic Alpha at a glance to stop the scroll.",
      },
      "asset_payload": {
        "visual_descriptor": {},
      },
      "asset_type": "image",
      "briefSummary": "Infographic: Topic Alpha at a glance: Build awareness",
      "brief_summary": "Infographic: Topic Alpha at a glance: Build awareness",
      "campaign_context": "optimized",
      "contentGuidance": {
        "maxWordTarget": 800,
        "platformWithHighestLimit": "linkedin",
        "primaryFormat": "long-form social post",
      },
      "contentType": "image",
      "content_type": "image",
      "creator_card": {
        "hashtags": [
          "InfographicTopicAlphaAtAGlance",
          "MarketingContent",
          "Marketing",
          "B2BMarketing",
          "GrowthStrategy",
          "BuildAwareness",
        ],
        "image_prompt": "1.91:1 landscape format — clean, professional, minimal, corporate photography style, soft shadows. Subject: visual representation of "Infographic: Topic Alpha at a glance". Mood: confident, forward-looking. No text overlays. High contrast. Real people or abstract concept art preferred. Brand-safe, no stock photo clichés.",
        "instructions_for_creator": "Objective: Build awareness
Brief: Infographic: Topic Alpha at a glance: Build awareness
Audience: retail marketers
CTA: Engage
Tone: clear, practical, outcome-driven
Visual hook (0–3s): Open with the most surprising fact or contrarian statement about Infographic: Topic Alpha at a glance to stop the scroll.

Scene direction:
Open with hook about Infographic: Topic Alpha at a glance → deliver core value in 3 clear beats → close with CTA.

Image prompt: 1.91:1 landscape format — clean, professional, minimal, corporate photography style, soft shadows. Subject: visual representation of "Infographic: Topic Alpha at a glance". Mood: confident, forward-looking. No text overlays. High contrast. Real people or abstract concept art preferred. Brand-safe, no stock photo clichés.

Video direction: 60–90s 16:9 horizontal video. Hook (0–3s): pattern interrupt — bold statement or surprising visual about "Infographic: Topic Alpha at a glance". Build (3–20s): explain the core insight or process with on-screen text/b-roll. Payoff (final 5s): clear call to action — follow, comment, or click link. Captions: always on. Pacing: fast cuts (every 2–4s). Energy: confident, direct to camera or strong voiceover.",
        "intent": {
          "brief_summary": "Infographic: Topic Alpha at a glance: Build awareness",
          "cta_type": "Engage",
          "narrative_style": "clear, practical, outcome-driven",
          "objective": "Build awareness",
          "outcome_promise": "Reader understands Infographic: Topic Alpha at a glance, why it matters now, and the next concrete step to take.",
          "pain_point": "Uncertainty about Infographic: Topic Alpha at a glance and how to approach it effectively",
          "strategic_role": "",
          "target_audience": "retail marketers",
        },
        "keywords": [
          "infographic",
          "topic",
          "alpha",
          "glance",
          "build",
          "awareness",
          "infographic topic",
          "topic alpha",
          "alpha glance",
        ],
        "mode": "explicit_creator_control",
        "objective": "Build awareness",
        "scene_direction": "Open with hook about Infographic: Topic Alpha at a glance → deliver core value in 3 clear beats → close with CTA.",
        "summary": "Infographic: Topic Alpha at a glance: Build awareness",
        "target_audience": "retail marketers",
        "theme": "Launch",
        "video_prompt": "60–90s 16:9 horizontal video. Hook (0–3s): pattern interrupt — bold statement or surprising visual about "Infographic: Topic Alpha at a glance". Build (3–20s): explain the core insight or process with on-screen text/b-roll. Payoff (final 5s): clear call to action — follow, comment, or click link. Captions: always on. Pacing: fast cuts (every 2–4s). Energy: confident, direct to camera or strong voiceover.",
        "visual_hook": "Open with the most surprising fact or contrarian statement about Infographic: Topic Alpha at a glance to stop the scroll.",
      },
      "ctaType": "Engage",
      "cta_type": "Engage",
      "dailyObjective": "Build awareness",
      "dayIndex": 1,
      "desiredAction": "Get started",
      "fingerprint": {
        "cta": "fe21fb4e",
        "idea": "b153dd8c",
        "narrative": "058e56ed",
        "topic": "1b858712",
      },
      "funnel_stage": "decision",
      "globalProgressionIndex": 3,
      "global_progression_index": 3,
      "intent_type": "creator",
      "kpiTarget": "Reach growth",
      "masterIdeaSeed": "topic alpha",
      "master_idea": {
        "audience": "retail marketers",
        "buyer_journey_stage": "decision",
        "core_message": "Infographic: Topic Alpha at a glance: Build awareness",
        "cta_strategy": "Get started",
        "id": "mi_2f1df5b7",
        "intent": "Build awareness",
        "narrative": "clear, practical, outcome-driven",
        "theme": "Launch",
      },
      "master_idea_version": 1,
      "narrativeStyle": "clear, practical, outcome-driven",
      "objective": "Build awareness",
      "packaging": {
        "caption": "Infographic: Topic Alpha at a glance: Build awareness",
        "cta": "Engage",
        "hashtags": [
          "InfographicTopicAlphaAtAGlance",
          "MarketingContent",
          "Marketing",
          "B2BMarketing",
          "GrowthStrategy",
          "BuildAwareness",
        ],
        "keywords": [
          "infographic",
          "topic",
          "alpha",
          "glance",
          "build",
          "awareness",
          "infographic topic",
          "topic alpha",
          "alpha glance",
        ],
        "meta_description": "Infographic: Topic Alpha at a glance: Build awareness",
      },
      "platform": "linkedin",
      "platformTargets": [
        "linkedin",
      ],
      "target_audience": "retail marketers",
      "topic": "Infographic: Topic Alpha at a glance",
      "topicReference": "w1.t1",
      "topicTitle": "Infographic: Topic Alpha at a glance",
      "variant": {
        "differentiator": "One striking visual capturing the idea.",
        "master_idea_id": "mi_2f1df5b7",
        "variant_id": "cv_849124b2",
        "variant_type": "image",
      },
      "weekNumber": 1,
      "whatProblemAreWeAddressing": "Uncertainty about Infographic: Topic Alpha at a glance and how to approach it effectively",
      "whatShouldReaderLearn": "Reader understands Infographic: Topic Alpha at a glance, why it matters now, and the next concrete step to take.",
      "whoAreWeWritingFor": "retail marketers",
      "writerBrief": {
        "brief_summary": "Infographic: Topic Alpha at a glance: Build awareness",
        "cta_type": "Engage",
        "hashtags": [
          "InfographicTopicAlphaAtAGlance",
          "MarketingContent",
          "Marketing",
          "B2BMarketing",
          "GrowthStrategy",
          "BuildAwareness",
        ],
        "image_prompt": "1.91:1 landscape format — clean, professional, minimal, corporate photography style, soft shadows. Subject: visual representation of "Infographic: Topic Alpha at a glance". Mood: confident, forward-looking. No text overlays. High contrast. Real people or abstract concept art preferred. Brand-safe, no stock photo clichés.",
        "keywords": [
          "infographic",
          "topic",
          "alpha",
          "glance",
          "build",
          "awareness",
          "infographic topic",
          "topic alpha",
          "alpha glance",
        ],
        "master_idea_seed": "topic alpha",
        "objective": "Build awareness",
        "outcome_promise": "Reader understands Infographic: Topic Alpha at a glance, why it matters now, and the next concrete step to take.",
        "pain_point": "Uncertainty about Infographic: Topic Alpha at a glance and how to approach it effectively",
        "scene_direction": "Open with hook about Infographic: Topic Alpha at a glance → deliver core value in 3 clear beats → close with CTA.",
        "target_audience": "retail marketers",
        "video_prompt": "60–90s 16:9 horizontal video. Hook (0–3s): pattern interrupt — bold statement or surprising visual about "Infographic: Topic Alpha at a glance". Build (3–20s): explain the core insight or process with on-screen text/b-roll. Payoff (final 5s): clear call to action — follow, comment, or click link. Captions: always on. Pacing: fast cuts (every 2–4s). Energy: confident, direct to camera or strong voiceover.",
        "visual_hook": "Open with the most surprising fact or contrarian statement about Infographic: Topic Alpha at a glance to stop the scroll.",
      },
      "writer_brief": {
        "brief_summary": "Infographic: Topic Alpha at a glance: Build awareness",
        "cta_type": "Engage",
        "hashtags": [
          "InfographicTopicAlphaAtAGlance",
          "MarketingContent",
          "Marketing",
          "B2BMarketing",
          "GrowthStrategy",
          "BuildAwareness",
        ],
        "image_prompt": "1.91:1 landscape format — clean, professional, minimal, corporate photography style, soft shadows. Subject: visual representation of "Infographic: Topic Alpha at a glance". Mood: confident, forward-looking. No text overlays. High contrast. Real people or abstract concept art preferred. Brand-safe, no stock photo clichés.",
        "keywords": [
          "infographic",
          "topic",
          "alpha",
          "glance",
          "build",
          "awareness",
          "infographic topic",
          "topic alpha",
          "alpha glance",
        ],
        "master_idea_seed": "topic alpha",
        "objective": "Build awareness",
        "outcome_promise": "Reader understands Infographic: Topic Alpha at a glance, why it matters now, and the next concrete step to take.",
        "pain_point": "Uncertainty about Infographic: Topic Alpha at a glance and how to approach it effectively",
        "scene_direction": "Open with hook about Infographic: Topic Alpha at a glance → deliver core value in 3 clear beats → close with CTA.",
        "target_audience": "retail marketers",
        "video_prompt": "60–90s 16:9 horizontal video. Hook (0–3s): pattern interrupt — bold statement or surprising visual about "Infographic: Topic Alpha at a glance". Build (3–20s): explain the core insight or process with on-screen text/b-roll. Payoff (final 5s): clear call to action — follow, comment, or click link. Captions: always on. Pacing: fast cuts (every 2–4s). Energy: confident, direct to camera or strong voiceover.",
        "visual_hook": "Open with the most surprising fact or contrarian statement about Infographic: Topic Alpha at a glance to stop the scroll.",
      },
      "writingIntent": "Infographic: Topic Alpha at a glance: Build awareness",
    },
    "content_status": null,
    "content_type": "image",
    "cta": "Engage",
    "date": "2026-07-07",
    "day_of_week": "Tuesday",
    "failure_reason": null,
    "failure_type": null,
    "format_notes": "long-form social post; max 800 words; highest limit: linkedin",
    "intent_type": "creator",
    "intro_objective": "Reader understands Infographic: Topic Alpha at a glance, why it matters now, and the next concrete step to take.",
    "max_retries": 3,
    "objective": "Build awareness",
    "plan_version": 2,
    "platform": "linkedin",
    "posting_strategy": "Week 1 Day 1 — w1.t1",
    "priority": "medium",
    "retry_count": 0,
    "scheduled_time": "09:00:00",
    "status": "planned",
    "summary": "Uncertainty about Infographic: Topic Alpha at a glance and how to approach it effectively",
    "target_audience": "retail marketers",
    "template_id": null,
    "title": "Infographic: Topic Alpha at a glance",
    "topic": "Infographic: Topic Alpha at a glance",
    "week_number": 1,
  },
  {
    "ai_generated": false,
    "asset_type": "image",
    "brand_voice": "clear, practical, outcome-driven",
    "campaign_id": "camp-1",
    "content": {
      "asset_instruction": {
        "hashtags": [
          "VisualTopicBetaDataRetailMarketersShouldKnow",
          "MarketingContent",
          "Marketing",
          "B2BMarketing",
          "GrowthStrategy",
          "BuildAwareness",
        ],
        "image_prompt": "9:16 vertical format — vibrant, modern, social-first design, bold typography overlay possible. Subject: visual representation of "Visual: topic beta data retail marketers should know". Mood: confident, forward-looking. No text overlays. High contrast. Real people or abstract concept art preferred. Brand-safe, no stock photo clichés.",
        "instructions_for_creator": "Objective: Build awareness
Brief: Visual: topic beta data retail marketers should know: Build awareness
Audience: retail marketers
CTA: Engage
Tone: clear, practical, outcome-driven
Visual hook (0–3s): Open with the most surprising fact or contrarian statement about Visual: topic beta data retail marketers should know to stop the scroll.

Scene direction:
Open with hook about Visual: topic beta data retail marketers should know → deliver core value in 3 clear beats → close with CTA.

Image prompt: 9:16 vertical format — vibrant, modern, social-first design, bold typography overlay possible. Subject: visual representation of "Visual: topic beta data retail marketers should know". Mood: confident, forward-looking. No text overlays. High contrast. Real people or abstract concept art preferred. Brand-safe, no stock photo clichés.

Video direction: 60–90s 16:9 horizontal video. Hook (0–3s): pattern interrupt — bold statement or surprising visual about "Visual: topic beta data retail marketers should know". Build (3–20s): explain the core insight or process with on-screen text/b-roll. Payoff (final 5s): clear call to action — follow, comment, or click link. Captions: always on. Pacing: fast cuts (every 2–4s). Energy: confident, direct to camera or strong voiceover.",
        "intent": {
          "brief_summary": "Visual: topic beta data retail marketers should know: Build awareness",
          "cta_type": "Engage",
          "narrative_style": "clear, practical, outcome-driven",
          "objective": "Build awareness",
          "outcome_promise": "Reader understands Visual: topic beta data retail marketers should know, why it matters now, and the next concrete step to take.",
          "pain_point": "Uncertainty about Visual: topic beta data retail marketers should know and how to approach it effectively",
          "strategic_role": "",
          "target_audience": "retail marketers",
        },
        "keywords": [
          "visual",
          "topic",
          "beta",
          "data",
          "retail",
          "marketers",
          "should",
          "build",
          "awareness",
          "visual topic",
        ],
        "mode": "explicit_creator_control",
        "objective": "Build awareness",
        "scene_direction": "Open with hook about Visual: topic beta data retail marketers should know → deliver core value in 3 clear beats → close with CTA.",
        "summary": "Visual: topic beta data retail marketers should know: Build awareness",
        "target_audience": "retail marketers",
        "theme": "Launch",
        "video_prompt": "60–90s 16:9 horizontal video. Hook (0–3s): pattern interrupt — bold statement or surprising visual about "Visual: topic beta data retail marketers should know". Build (3–20s): explain the core insight or process with on-screen text/b-roll. Payoff (final 5s): clear call to action — follow, comment, or click link. Captions: always on. Pacing: fast cuts (every 2–4s). Energy: confident, direct to camera or strong voiceover.",
        "visual_hook": "Open with the most surprising fact or contrarian statement about Visual: topic beta data retail marketers should know to stop the scroll.",
      },
      "asset_payload": {
        "visual_descriptor": {},
      },
      "asset_type": "image",
      "briefSummary": "Visual: topic beta data retail marketers should know: Build awareness",
      "brief_summary": "Visual: topic beta data retail marketers should know: Build awareness",
      "campaign_context": "optimized",
      "contentGuidance": {
        "maxWordTarget": 800,
        "platformWithHighestLimit": "linkedin",
        "primaryFormat": "long-form social post",
      },
      "contentType": "image",
      "content_type": "image",
      "creator_card": {
        "hashtags": [
          "VisualTopicBetaDataRetailMarketersShouldKnow",
          "MarketingContent",
          "Marketing",
          "B2BMarketing",
          "GrowthStrategy",
          "BuildAwareness",
        ],
        "image_prompt": "9:16 vertical format — vibrant, modern, social-first design, bold typography overlay possible. Subject: visual representation of "Visual: topic beta data retail marketers should know". Mood: confident, forward-looking. No text overlays. High contrast. Real people or abstract concept art preferred. Brand-safe, no stock photo clichés.",
        "instructions_for_creator": "Objective: Build awareness
Brief: Visual: topic beta data retail marketers should know: Build awareness
Audience: retail marketers
CTA: Engage
Tone: clear, practical, outcome-driven
Visual hook (0–3s): Open with the most surprising fact or contrarian statement about Visual: topic beta data retail marketers should know to stop the scroll.

Scene direction:
Open with hook about Visual: topic beta data retail marketers should know → deliver core value in 3 clear beats → close with CTA.

Image prompt: 9:16 vertical format — vibrant, modern, social-first design, bold typography overlay possible. Subject: visual representation of "Visual: topic beta data retail marketers should know". Mood: confident, forward-looking. No text overlays. High contrast. Real people or abstract concept art preferred. Brand-safe, no stock photo clichés.

Video direction: 60–90s 16:9 horizontal video. Hook (0–3s): pattern interrupt — bold statement or surprising visual about "Visual: topic beta data retail marketers should know". Build (3–20s): explain the core insight or process with on-screen text/b-roll. Payoff (final 5s): clear call to action — follow, comment, or click link. Captions: always on. Pacing: fast cuts (every 2–4s). Energy: confident, direct to camera or strong voiceover.",
        "intent": {
          "brief_summary": "Visual: topic beta data retail marketers should know: Build awareness",
          "cta_type": "Engage",
          "narrative_style": "clear, practical, outcome-driven",
          "objective": "Build awareness",
          "outcome_promise": "Reader understands Visual: topic beta data retail marketers should know, why it matters now, and the next concrete step to take.",
          "pain_point": "Uncertainty about Visual: topic beta data retail marketers should know and how to approach it effectively",
          "strategic_role": "",
          "target_audience": "retail marketers",
        },
        "keywords": [
          "visual",
          "topic",
          "beta",
          "data",
          "retail",
          "marketers",
          "should",
          "build",
          "awareness",
          "visual topic",
        ],
        "mode": "explicit_creator_control",
        "objective": "Build awareness",
        "scene_direction": "Open with hook about Visual: topic beta data retail marketers should know → deliver core value in 3 clear beats → close with CTA.",
        "summary": "Visual: topic beta data retail marketers should know: Build awareness",
        "target_audience": "retail marketers",
        "theme": "Launch",
        "video_prompt": "60–90s 16:9 horizontal video. Hook (0–3s): pattern interrupt — bold statement or surprising visual about "Visual: topic beta data retail marketers should know". Build (3–20s): explain the core insight or process with on-screen text/b-roll. Payoff (final 5s): clear call to action — follow, comment, or click link. Captions: always on. Pacing: fast cuts (every 2–4s). Energy: confident, direct to camera or strong voiceover.",
        "visual_hook": "Open with the most surprising fact or contrarian statement about Visual: topic beta data retail marketers should know to stop the scroll.",
      },
      "ctaType": "Engage",
      "cta_type": "Engage",
      "dailyObjective": "Build awareness",
      "dayIndex": 1,
      "desiredAction": "Learn more",
      "fingerprint": {
        "cta": "bbe0c61a",
        "idea": "bce9f8a5",
        "narrative": "058e56ed",
        "topic": "8f2aca7d",
      },
      "funnel_stage": "retention",
      "globalProgressionIndex": 4,
      "global_progression_index": 4,
      "intent_type": "creator",
      "kpiTarget": "Reach growth",
      "masterIdeaSeed": "topic beta",
      "master_idea": {
        "audience": "retail marketers",
        "buyer_journey_stage": "retention",
        "core_message": "Visual: topic beta data retail marketers should know: Build awareness",
        "cta_strategy": "Learn more",
        "id": "mi_fbcfb723",
        "intent": "Build awareness",
        "narrative": "clear, practical, outcome-driven",
        "theme": "Launch",
      },
      "master_idea_version": 1,
      "narrativeStyle": "clear, practical, outcome-driven",
      "objective": "Build awareness",
      "packaging": {
        "caption": "Visual: topic beta data retail marketers should know: Build awareness",
        "cta": "Engage",
        "hashtags": [
          "VisualTopicBetaDataRetailMarketersShouldKnow",
          "MarketingContent",
          "Marketing",
          "B2BMarketing",
          "GrowthStrategy",
          "BuildAwareness",
        ],
        "keywords": [
          "visual",
          "topic",
          "beta",
          "data",
          "retail",
          "marketers",
          "should",
          "build",
          "awareness",
          "visual topic",
        ],
        "meta_description": "Visual: topic beta data retail marketers should know: Build awareness",
      },
      "platform": "x",
      "platformTargets": [
        "x",
      ],
      "target_audience": "retail marketers",
      "topic": "Visual: topic beta data retail marketers should know",
      "topicReference": "w1.t1",
      "topicTitle": "Visual: topic beta data retail marketers should know",
      "variant": {
        "differentiator": "One striking visual capturing the idea.",
        "master_idea_id": "mi_fbcfb723",
        "variant_id": "cv_75868f17",
        "variant_type": "image",
      },
      "weekNumber": 1,
      "whatProblemAreWeAddressing": "Uncertainty about Visual: topic beta data retail marketers should know and how to approach it effectively",
      "whatShouldReaderLearn": "Reader understands Visual: topic beta data retail marketers should know, why it matters now, and the next concrete step to take.",
      "whoAreWeWritingFor": "retail marketers",
      "writerBrief": {
        "brief_summary": "Visual: topic beta data retail marketers should know: Build awareness",
        "cta_type": "Engage",
        "hashtags": [
          "VisualTopicBetaDataRetailMarketersShouldKnow",
          "MarketingContent",
          "Marketing",
          "B2BMarketing",
          "GrowthStrategy",
          "BuildAwareness",
        ],
        "image_prompt": "1.91:1 landscape format — clean, professional, minimal, corporate photography style, soft shadows. Subject: visual representation of "Visual: topic beta data retail marketers should know". Mood: confident, forward-looking. No text overlays. High contrast. Real people or abstract concept art preferred. Brand-safe, no stock photo clichés.",
        "keywords": [
          "visual",
          "topic",
          "beta",
          "data",
          "retail",
          "marketers",
          "should",
          "build",
          "awareness",
          "visual topic",
        ],
        "master_idea_seed": "topic beta",
        "objective": "Build awareness",
        "outcome_promise": "Reader understands Visual: topic beta data retail marketers should know, why it matters now, and the next concrete step to take.",
        "pain_point": "Uncertainty about Visual: topic beta data retail marketers should know and how to approach it effectively",
        "scene_direction": "Open with hook about Visual: topic beta data retail marketers should know → deliver core value in 3 clear beats → close with CTA.",
        "target_audience": "retail marketers",
        "video_prompt": "60–90s 16:9 horizontal video. Hook (0–3s): pattern interrupt — bold statement or surprising visual about "Visual: topic beta data retail marketers should know". Build (3–20s): explain the core insight or process with on-screen text/b-roll. Payoff (final 5s): clear call to action — follow, comment, or click link. Captions: always on. Pacing: fast cuts (every 2–4s). Energy: confident, direct to camera or strong voiceover.",
        "visual_hook": "Open with the most surprising fact or contrarian statement about Visual: topic beta data retail marketers should know to stop the scroll.",
      },
      "writer_brief": {
        "brief_summary": "Visual: topic beta data retail marketers should know: Build awareness",
        "cta_type": "Engage",
        "hashtags": [
          "VisualTopicBetaDataRetailMarketersShouldKnow",
          "MarketingContent",
          "Marketing",
          "B2BMarketing",
          "GrowthStrategy",
          "BuildAwareness",
        ],
        "image_prompt": "1.91:1 landscape format — clean, professional, minimal, corporate photography style, soft shadows. Subject: visual representation of "Visual: topic beta data retail marketers should know". Mood: confident, forward-looking. No text overlays. High contrast. Real people or abstract concept art preferred. Brand-safe, no stock photo clichés.",
        "keywords": [
          "visual",
          "topic",
          "beta",
          "data",
          "retail",
          "marketers",
          "should",
          "build",
          "awareness",
          "visual topic",
        ],
        "master_idea_seed": "topic beta",
        "objective": "Build awareness",
        "outcome_promise": "Reader understands Visual: topic beta data retail marketers should know, why it matters now, and the next concrete step to take.",
        "pain_point": "Uncertainty about Visual: topic beta data retail marketers should know and how to approach it effectively",
        "scene_direction": "Open with hook about Visual: topic beta data retail marketers should know → deliver core value in 3 clear beats → close with CTA.",
        "target_audience": "retail marketers",
        "video_prompt": "60–90s 16:9 horizontal video. Hook (0–3s): pattern interrupt — bold statement or surprising visual about "Visual: topic beta data retail marketers should know". Build (3–20s): explain the core insight or process with on-screen text/b-roll. Payoff (final 5s): clear call to action — follow, comment, or click link. Captions: always on. Pacing: fast cuts (every 2–4s). Energy: confident, direct to camera or strong voiceover.",
        "visual_hook": "Open with the most surprising fact or contrarian statement about Visual: topic beta data retail marketers should know to stop the scroll.",
      },
      "writingIntent": "Visual: topic beta data retail marketers should know: Build awareness",
    },
    "content_status": null,
    "content_type": "image",
    "cta": "Engage",
    "date": "2026-07-07",
    "day_of_week": "Tuesday",
    "failure_reason": null,
    "failure_type": null,
    "format_notes": "long-form social post; max 800 words; highest limit: linkedin",
    "intent_type": "creator",
    "intro_objective": "Reader understands Visual: topic beta data retail marketers should know, why it matters now, and the next concrete step to take.",
    "max_retries": 3,
    "objective": "Build awareness",
    "plan_version": 2,
    "platform": "x",
    "posting_strategy": "Week 1 Day 1 — w1.t1",
    "priority": "medium",
    "retry_count": 0,
    "scheduled_time": "09:00:00",
    "status": "planned",
    "summary": "Uncertainty about Visual: topic beta data retail marketers should know and how to approach it effectively",
    "target_audience": "retail marketers",
    "template_id": null,
    "title": "Visual: topic beta data retail marketers should know",
    "topic": "Visual: topic beta data retail marketers should know",
    "week_number": 1,
  },
]
`;

exports[`synth path (no AI execution_items) — golden master produces a deterministic result envelope and persisted rows: result-envelope 1`] = `
{
  "auto_optimize_distribution": false,
  "auto_rebalance": false,
  "campaign_optimization": {
    "after": {
      "asset_count": 4,
      "dimensions": [
        {
          "detail": "1 distinct theme(s) across 4 assets.",
          "key": "theme_diversity",
          "label": "Strategic Theme Diversity",
          "score": 0,
        },
        {
          "detail": "Ideas build in a logical sequence.",
          "key": "narrative_progression",
          "label": "Narrative Progression",
          "score": 70,
        },
        {
          "detail": "4/5 stages present (missing: advocacy).",
          "key": "buyer_journey_coverage",
          "label": "Buyer Journey Coverage",
          "score": 80,
        },
        {
          "detail": "4 distinct CTA(s).",
          "key": "cta_diversity",
          "label": "CTA Diversity",
          "score": 100,
        },
        {
          "detail": "4/4 format/platform pairings fit.",
          "key": "platform_fit",
          "label": "Platform Fit",
          "score": 100,
        },
        {
          "detail": "2 distinct format(s); most-used: post (50%).",
          "key": "content_type_balance",
          "label": "Content-Type Balance",
          "score": 50,
        },
        {
          "detail": "2/2 Master Idea(s) carry a distinct message.",
          "key": "master_idea_diversity",
          "label": "Master-Idea Diversity",
          "score": 100,
        },
        {
          "detail": "1 distinct audience segment(s).",
          "key": "audience_balance",
          "label": "Audience Balance",
          "score": 60,
        },
        {
          "detail": "Highest repetition: promises (75%).",
          "key": "fatigue_risk",
          "label": "Fatigue Risk (higher = healthier)",
          "score": 85,
        },
      ],
      "grade": "good",
      "overall": 75,
      "recommendations": [
        {
          "dimension": "theme_diversity",
          "message": "Strategic themes repeat — only 1 distinct theme(s) across 4 assets. Vary the weekly angle.",
          "severity": "suggestion",
        },
        {
          "dimension": "buyer_journey_coverage",
          "message": "Increase advocacy-stage content — the campaign has no advocacy assets (e.g. replace one awareness post with a case study).",
          "severity": "suggestion",
        },
        {
          "dimension": "audience_balance",
          "message": "Every asset targets “retail marketers” — consider a secondary audience segment for reach.",
          "severity": "info",
        },
      ],
    },
    "assets": [
      {
        "audience": "retail marketers",
        "content_type": "post",
        "cta": "Engage",
        "cta_fingerprint": "8ae6ed2e",
        "funnel_stage": "awareness",
        "hook": "Everyone talks about Why Topic Alpha matters for retail marketers. Almost nobody does it right.",
        "idea_fingerprint": "f366fcfa",
        "master_idea_id": "mi_2f1df5b7",
        "narrative_fingerprint": "058e56ed",
        "platform": "linkedin",
        "theme": "Launch",
        "topic_fingerprint": "f5de135a",
        "topic_title": "Why Topic Alpha matters for retail marketers",
        "week": 1,
      },
      {
        "audience": "retail marketers",
        "content_type": "post",
        "cta": "See how it works",
        "cta_fingerprint": "a7a87fb1",
        "funnel_stage": "consideration",
        "hook": "Everyone talks about Common topic beta mistakes retail marketers should avoid. Almost nobody does it right.",
        "idea_fingerprint": "8b6eb541",
        "master_idea_id": "mi_fbcfb723",
        "narrative_fingerprint": "058e56ed",
        "platform": "x",
        "theme": "Launch",
        "topic_fingerprint": "ea63ebbf",
        "topic_title": "Common topic beta mistakes retail marketers should avoid",
        "week": 1,
      },
      {
        "audience": "retail marketers",
        "content_type": "image",
        "cta": "Get started",
        "cta_fingerprint": "fe21fb4e",
        "funnel_stage": "decision",
        "hook": "Open with the most surprising fact or contrarian statement about Infographic: Topic Alpha at a glance to stop the scroll.",
        "idea_fingerprint": "b153dd8c",
        "master_idea_id": "mi_2f1df5b7",
        "narrative_fingerprint": "058e56ed",
        "platform": "linkedin",
        "theme": "Launch",
        "topic_fingerprint": "1b858712",
        "topic_title": "Infographic: Topic Alpha at a glance",
        "week": 1,
      },
      {
        "audience": "retail marketers",
        "content_type": "image",
        "cta": "Learn more",
        "cta_fingerprint": "bbe0c61a",
        "funnel_stage": "retention",
        "hook": "Open with the most surprising fact or contrarian statement about Visual: topic beta data retail marketers should know to stop the scroll.",
        "idea_fingerprint": "bce9f8a5",
        "master_idea_id": "mi_fbcfb723",
        "narrative_fingerprint": "058e56ed",
        "platform": "x",
        "theme": "Launch",
        "topic_fingerprint": "8f2aca7d",
        "topic_title": "Visual: topic beta data retail marketers should know",
        "week": 1,
      },
    ],
    "before": {
      "asset_count": 4,
      "dimensions": [
        {
          "detail": "1 distinct theme(s) across 4 assets.",
          "key": "theme_diversity",
          "label": "Strategic Theme Diversity",
          "score": 0,
        },
        {
          "detail": "Ideas build in a logical sequence.",
          "key": "narrative_progression",
          "label": "Narrative Progression",
          "score": 70,
        },
        {
          "detail": "1/5 stages present (missing: consideration, decision, retention, advocacy).",
          "key": "buyer_journey_coverage",
          "label": "Buyer Journey Coverage",
          "score": 20,
        },
        {
          "detail": "1 distinct CTA(s).",
          "key": "cta_diversity",
          "label": "CTA Diversity",
          "score": 0,
        },
        {
          "detail": "4/4 format/platform pairings fit.",
          "key": "platform_fit",
          "label": "Platform Fit",
          "score": 100,
        },
        {
          "detail": "2 distinct format(s); most-used: post (50%).",
          "key": "content_type_balance",
          "label": "Content-Type Balance",
          "score": 50,
        },
        {
          "detail": "2/2 Master Idea(s) carry a distinct message.",
          "key": "master_idea_diversity",
          "label": "Master-Idea Diversity",
          "score": 100,
        },
        {
          "detail": "1 distinct audience segment(s).",
          "key": "audience_balance",
          "label": "Audience Balance",
          "score": 60,
        },
        {
          "detail": "Highest repetition: promises (75%).",
          "key": "fatigue_risk",
          "label": "Fatigue Risk (higher = healthier)",
          "score": 70,
        },
      ],
      "grade": "fair",
      "overall": 58,
      "recommendations": [
        {
          "dimension": "theme_diversity",
          "message": "Strategic themes repeat — only 1 distinct theme(s) across 4 assets. Vary the weekly angle.",
          "severity": "suggestion",
        },
        {
          "dimension": "buyer_journey_coverage",
          "message": "Increase consideration-stage content — the campaign has no consideration assets (e.g. replace one awareness post with a case study).",
          "severity": "suggestion",
        },
        {
          "dimension": "cta_diversity",
          "message": "Reduce CTA repetition — 4/4 assets use “Engage”. Recommend a healthier CTA distribution.",
          "severity": "warning",
        },
        {
          "dimension": "audience_balance",
          "message": "Every asset targets “retail marketers” — consider a secondary audience segment for reach.",
          "severity": "info",
        },
      ],
    },
    "changes": [
      {
        "asset_index": 1,
        "description": "Re-aimed one awareness asset at the missing consideration stage (placed in a later week for progression).",
        "field": "funnel_stage",
        "from": "awareness",
        "pass": "buyer_journey_balancing",
        "to": "consideration",
      },
      {
        "asset_index": 2,
        "description": "Re-aimed one awareness asset at the missing decision stage (placed in a later week for progression).",
        "field": "funnel_stage",
        "from": "awareness",
        "pass": "buyer_journey_balancing",
        "to": "decision",
      },
      {
        "asset_index": 3,
        "description": "Re-aimed one awareness asset at the missing retention stage (placed in a later week for progression).",
        "field": "funnel_stage",
        "from": "awareness",
        "pass": "buyer_journey_balancing",
        "to": "retention",
      },
      {
        "asset_index": 3,
        "description": "Diversified one CTA from “Engage” to “Learn more”.",
        "field": "cta",
        "from": "Engage",
        "pass": "cta_optimization",
        "to": "Learn more",
      },
      {
        "asset_index": 2,
        "description": "Diversified one CTA from “Engage” to “Get started”.",
        "field": "cta",
        "from": "Engage",
        "pass": "cta_optimization",
        "to": "Get started",
      },
      {
        "asset_index": 1,
        "description": "Diversified one CTA from “Engage” to “See how it works”.",
        "field": "cta",
        "from": "Engage",
        "pass": "cta_optimization",
        "to": "See how it works",
      },
    ],
    "delta": 17,
    "improved": true,
    "passes_run": 2,
  },
  "campaign_quality": {
    "asset_count": 4,
    "dimensions": [
      {
        "detail": "1 distinct theme(s) across 4 assets.",
        "key": "theme_diversity",
        "label": "Strategic Theme Diversity",
        "score": 0,
      },
      {
        "detail": "Ideas build in a logical sequence.",
        "key": "narrative_progression",
        "label": "Narrative Progression",
        "score": 70,
      },
      {
        "detail": "4/5 stages present (missing: advocacy).",
        "key": "buyer_journey_coverage",
        "label": "Buyer Journey Coverage",
        "score": 80,
      },
      {
        "detail": "1 distinct CTA(s).",
        "key": "cta_diversity",
        "label": "CTA Diversity",
        "score": 0,
      },
      {
        "detail": "4/4 format/platform pairings fit.",
        "key": "platform_fit",
        "label": "Platform Fit",
        "score": 100,
      },
      {
        "detail": "2 distinct format(s); most-used: post (50%).",
        "key": "content_type_balance",
        "label": "Content-Type Balance",
        "score": 50,
      },
      {
        "detail": "2/2 Master Idea(s) carry a distinct message.",
        "key": "master_idea_diversity",
        "label": "Master-Idea Diversity",
        "score": 100,
      },
      {
        "detail": "1 distinct audience segment(s).",
        "key": "audience_balance",
        "label": "Audience Balance",
        "score": 60,
      },
      {
        "detail": "Highest repetition: promises (75%).",
        "key": "fatigue_risk",
        "label": "Fatigue Risk (higher = healthier)",
        "score": 85,
      },
    ],
    "grade": "fair",
    "overall": 66,
    "recommendations": [
      {
        "dimension": "theme_diversity",
        "message": "Strategic themes repeat — only 1 distinct theme(s) across 4 assets. Vary the weekly angle.",
        "severity": "suggestion",
      },
      {
        "dimension": "buyer_journey_coverage",
        "message": "Increase advocacy-stage content — the campaign has no advocacy assets (e.g. replace one awareness post with a case study).",
        "severity": "suggestion",
      },
      {
        "dimension": "cta_diversity",
        "message": "Reduce CTA repetition — 4/4 assets use “Engage”. Recommend a healthier CTA distribution.",
        "severity": "warning",
      },
      {
        "dimension": "audience_balance",
        "message": "Every asset targets “retail marketers” — consider a secondary audience segment for reach.",
        "severity": "info",
      },
    ],
  },
  "campaign_validation": {
    "combined": {
      "accepted": 1,
      "adapted": 0,
      "dropped": 3,
      "generated": 4,
      "reasons": {
        "duplicate_narrative": 3,
      },
      "regenerated": 0,
      "validated": 1,
    },
    "creator": {
      "accepted": 0,
      "adapted": 0,
      "dropped": 2,
      "generated": 2,
      "reasons": {
        "duplicate_narrative": 2,
      },
      "regenerated": 0,
      "validated": 0,
    },
    "text": {
      "accepted": 1,
      "adapted": 0,
      "dropped": 1,
      "generated": 2,
      "reasons": {
        "duplicate_narrative": 1,
      },
      "regenerated": 0,
      "validated": 1,
    },
  },
  "dailyPlan": 4,
  "enable_campaign_waves": false,
  "execution_feedback": {
    "recommendations": [
      "looks good",
    ],
    "summary": {
      "invalid": 0,
      "total_items": 4,
    },
  },
  "message": "Generated topic-aligned daily plan skeleton for Week 1",
  "planner_diagnostics": {
    "drop_events": [],
    "drop_summary": [],
    "dropped": [],
    "generated": 4,
    "metrics": {
      "average_regeneration_attempts": 0,
      "drop_reasons": [],
      "dropped": 0,
      "generated": 4,
      "generation_success_pct": 100,
      "planner_integrity_pct": 100,
      "regenerated": 0,
      "requested": 4,
    },
    "ok": true,
    "planned": 4,
  },
  "planning_feedback": {
    "recommendations": [
      "looks good",
    ],
    "summary": {
      "invalid": 0,
      "total_items": 4,
    },
  },
  "publishing_optimization": {
    "strategy_adjustments": {
      "preferred_platforms": [],
      "reduced_platforms": [],
    },
    "summary": {
      "stable_platforms": [],
      "unstable_platforms": [],
    },
  },
  "success": true,
  "topicDayMap": [
    {
      "day": "Monday",
      "dayIndex": 1,
      "topics": [
        "Why Topic Alpha matters for retail marketers",
        "Common topic beta mistakes retail marketers should avoid",
        "Infographic: Topic Alpha at a glance",
        "Visual: topic beta data retail marketers should know",
      ],
    },
    {
      "day": "Tuesday",
      "dayIndex": 2,
      "topics": [],
    },
    {
      "day": "Wednesday",
      "dayIndex": 3,
      "topics": [],
    },
    {
      "day": "Thursday",
      "dayIndex": 4,
      "topics": [],
    },
    {
      "day": "Friday",
      "dayIndex": 5,
      "topics": [],
    },
    {
      "day": "Saturday",
      "dayIndex": 6,
      "topics": [],
    },
    {
      "day": "Sunday",
      "dayIndex": 7,
      "topics": [],
    },
  ],
  "validation": {
    "errors": [],
    "ok": true,
  },
  "week": 1,
  "weeks": undefined,
}
`;
