
> drishiq-admin-ui@1.0.0 prebuild
> node scripts/enforce-decision-intelligence.js && node -e "try{require('fs').rmSync('.next/lock',{recursive:true,force:true})}catch(e){}"

Decision intelligence enforcement passed.

> drishiq-admin-ui@1.0.0 build
> npm run clean && next build --webpack


> drishiq-admin-ui@1.0.0 clean
> node scripts/clean.js

≡ƒº╣ Cleared dist/
≡ƒº╣ Cleared .vercel/
npm : ΓÜá∩╕Å  Could not clear .next/: EPERM: operation not permitted, lstat 
'C:\virality\.next\lock'
At line:1 char:1
+ npm run build > build-output.txt 2>&1 ;& echo "Build started, check b ...
+ ~~~~~~~~~~~~~~~~~~~~~~~~~~~~~~~~~~~~~
    + CategoryInfo          : NotSpecified: (ΓÜá∩╕Å  Could n...ity\.next\lock' 
   :String) [], RemoteException
    + FullyQualifiedErrorId : NativeCommandError
 
uncaughtException [Error: EPERM: operation not permitted, open 
'C:\virality\.next\trace'] {
  errno: -4048,
  code: 'EPERM',
  syscall: 'open',
  path: 'C:\\virality\\.next\\trace'
}
